Archive member included to satisfy reference by file (symbol)

/build/gcc-arm-none-eabi-9-2020-q2-update/bin/../lib/gcc/arm-none-eabi/9.3.1/thumb/v6-m/nofp/libgcc.a(_dvmd_tls.o)
                              CMakeFiles/multi.dir/home/schtromar/Documents/faks/dip/diplomska/pico-sdk/src/rp2_common/pico_divider/divider.S.obj (__aeabi_idiv0)
/build/gcc-arm-none-eabi-9-2020-q2-update/bin/../lib/gcc/arm-none-eabi/9.3.1/../../../../arm-none-eabi/lib/thumb/v6-m/nofp/libc.a(lib_a-calloc.o)
                              CMakeFiles/multi.dir/home/schtromar/Documents/faks/dip/diplomska/pico-sdk/src/rp2_common/pico_malloc/pico_malloc.c.obj (calloc)
/build/gcc-arm-none-eabi-9-2020-q2-update/bin/../lib/gcc/arm-none-eabi/9.3.1/../../../../arm-none-eabi/lib/thumb/v6-m/nofp/libc.a(lib_a-callocr.o)
                              /build/gcc-arm-none-eabi-9-2020-q2-update/bin/../lib/gcc/arm-none-eabi/9.3.1/../../../../arm-none-eabi/lib/thumb/v6-m/nofp/libc.a(lib_a-calloc.o) (_calloc_r)
/build/gcc-arm-none-eabi-9-2020-q2-update/bin/../lib/gcc/arm-none-eabi/9.3.1/../../../../arm-none-eabi/lib/thumb/v6-m/nofp/libc.a(lib_a-impure.o)
                              /build/gcc-arm-none-eabi-9-2020-q2-update/bin/../lib/gcc/arm-none-eabi/9.3.1/../../../../arm-none-eabi/lib/thumb/v6-m/nofp/libc.a(lib_a-calloc.o) (_impure_ptr)
/build/gcc-arm-none-eabi-9-2020-q2-update/bin/../lib/gcc/arm-none-eabi/9.3.1/../../../../arm-none-eabi/lib/thumb/v6-m/nofp/libc.a(lib_a-init.o)
                              /build/gcc-arm-none-eabi-9-2020-q2-update/bin/../lib/gcc/arm-none-eabi/9.3.1/../../../../arm-none-eabi/lib/thumb/v6-m/nofp/crt0.o (__libc_init_array)
/build/gcc-arm-none-eabi-9-2020-q2-update/bin/../lib/gcc/arm-none-eabi/9.3.1/../../../../arm-none-eabi/lib/thumb/v6-m/nofp/libc.a(lib_a-malloc.o)
                              CMakeFiles/multi.dir/home/schtromar/Documents/faks/dip/diplomska/pico-sdk/src/rp2_common/pico_malloc/pico_malloc.c.obj (malloc)
/build/gcc-arm-none-eabi-9-2020-q2-update/bin/../lib/gcc/arm-none-eabi/9.3.1/../../../../arm-none-eabi/lib/thumb/v6-m/nofp/libc.a(lib_a-mallocr.o)
                              /build/gcc-arm-none-eabi-9-2020-q2-update/bin/../lib/gcc/arm-none-eabi/9.3.1/../../../../arm-none-eabi/lib/thumb/v6-m/nofp/libc.a(lib_a-callocr.o) (_malloc_r)
/build/gcc-arm-none-eabi-9-2020-q2-update/bin/../lib/gcc/arm-none-eabi/9.3.1/../../../../arm-none-eabi/lib/thumb/v6-m/nofp/libc.a(lib_a-mlock.o)
                              /build/gcc-arm-none-eabi-9-2020-q2-update/bin/../lib/gcc/arm-none-eabi/9.3.1/../../../../arm-none-eabi/lib/thumb/v6-m/nofp/libc.a(lib_a-mallocr.o) (__malloc_lock)
/build/gcc-arm-none-eabi-9-2020-q2-update/bin/../lib/gcc/arm-none-eabi/9.3.1/../../../../arm-none-eabi/lib/thumb/v6-m/nofp/libc.a(lib_a-sbrkr.o)
                              /build/gcc-arm-none-eabi-9-2020-q2-update/bin/../lib/gcc/arm-none-eabi/9.3.1/../../../../arm-none-eabi/lib/thumb/v6-m/nofp/libc.a(lib_a-mallocr.o) (_sbrk_r)
/build/gcc-arm-none-eabi-9-2020-q2-update/bin/../lib/gcc/arm-none-eabi/9.3.1/../../../../arm-none-eabi/lib/thumb/v6-m/nofp/libc.a(lib_a-strlen-stub.o)
                              CMakeFiles/multi.dir/home/schtromar/Documents/faks/dip/diplomska/pico-sdk/src/rp2_common/pico_stdio/stdio.c.obj (strlen)
/build/gcc-arm-none-eabi-9-2020-q2-update/bin/../lib/gcc/arm-none-eabi/9.3.1/../../../../arm-none-eabi/lib/thumb/v6-m/nofp/libc.a(lib_a-freer.o)
                              /build/gcc-arm-none-eabi-9-2020-q2-update/bin/../lib/gcc/arm-none-eabi/9.3.1/../../../../arm-none-eabi/lib/thumb/v6-m/nofp/libc.a(lib_a-malloc.o) (_free_r)
/build/gcc-arm-none-eabi-9-2020-q2-update/bin/../lib/gcc/arm-none-eabi/9.3.1/../../../../arm-none-eabi/lib/thumb/v6-m/nofp/libc.a(lib_a-lock.o)
                              /build/gcc-arm-none-eabi-9-2020-q2-update/bin/../lib/gcc/arm-none-eabi/9.3.1/../../../../arm-none-eabi/lib/thumb/v6-m/nofp/libc.a(lib_a-mlock.o) (__retarget_lock_acquire_recursive)
/build/gcc-arm-none-eabi-9-2020-q2-update/bin/../lib/gcc/arm-none-eabi/9.3.1/../../../../arm-none-eabi/lib/thumb/v6-m/nofp/libc.a(lib_a-reent.o)
                              /build/gcc-arm-none-eabi-9-2020-q2-update/bin/../lib/gcc/arm-none-eabi/9.3.1/../../../../arm-none-eabi/lib/thumb/v6-m/nofp/libc.a(lib_a-sbrkr.o) (errno)

Allocating common symbols
Common symbol       size              file

__lock___atexit_recursive_mutex
                    0x1               /build/gcc-arm-none-eabi-9-2020-q2-update/bin/../lib/gcc/arm-none-eabi/9.3.1/../../../../arm-none-eabi/lib/thumb/v6-m/nofp/libc.a(lib_a-lock.o)
sf_table            0x100             CMakeFiles/multi.dir/home/schtromar/Documents/faks/dip/diplomska/pico-sdk/src/rp2_common/pico_float/float_init_rom.c.obj
__lock___arc4random_mutex
                    0x1               /build/gcc-arm-none-eabi-9-2020-q2-update/bin/../lib/gcc/arm-none-eabi/9.3.1/../../../../arm-none-eabi/lib/thumb/v6-m/nofp/libc.a(lib_a-lock.o)
[...]
Memory Configuration

Name             Origin             Length             Attributes
FLASH            0x0000000010000000 0x0000000000200000 xr
RAM              0x0000000020000000 0x0000000000040000 xrw
SCRATCH_X        0x0000000020040000 0x0000000000001000 xrw
SCRATCH_Y        0x0000000020041000 0x0000000000001000 xrw
*default*        0x0000000000000000 0xffffffffffffffff

Linker script and memory map

LOAD /build/gcc-arm-none-eabi-9-2020-q2-update/bin/../lib/gcc/arm-none-eabi/9.3.1/thumb/v6-m/nofp/crti.o
LOAD /build/gcc-arm-none-eabi-9-2020-q2-update/bin/../lib/gcc/arm-none-eabi/9.3.1/thumb/v6-m/nofp/crtbegin.o
LOAD /build/gcc-arm-none-eabi-9-2020-q2-update/bin/../lib/gcc/arm-none-eabi/9.3.1/../../../../arm-none-eabi/lib/thumb/v6-m/nofp/crt0.o

.flash_begin    0x0000000010000000        0x0
                0x0000000010000000                __flash_binary_start = .

.boot2          0x0000000010000000      0x100
                0x0000000010000000                __boot2_start__ = .
 *(.boot2)
 .boot2         0x0000000010000000      0x100 /tmp/cc1Yf6Ew.o
                0x0000000010000100                __boot2_end__ = .
                0x0000000000000001                ASSERT (((__boot2_end__ - __boot2_start__) == 0x100), ERROR: Pico second stage bootloader must be 256 bytes in size)

.text           0x0000000010000100     0x7648
                0x0000000010000100                __logical_binary_start = .
 *(.vectors)
 .vectors       0x0000000010000100       0xd4 CMakeFiles/multi.dir/home/schtromar/Documents/faks/dip/diplomska/pico-sdk/src/rp2_common/pico_standard_link/crt0.S.obj
                0x0000000010000100                __vectors
                0x0000000010000100                __VECTOR_TABLE
                0x00000000100001c0                isr_invalid
                0x00000000100001c0                __default_isrs_start
                0x00000000100001c2                isr_nmi
                0x00000000100001c4                isr_hardfault
                0x00000000100001c6                isr_svcall
                0x00000000100001c8                isr_pendsv
                0x00000000100001ca                isr_systick
                0x00000000100001cc                isr_irq30
                0x00000000100001cc                __unhandled_user_irq
                0x00000000100001cc                isr_irq13
                0x00000000100001cc                isr_irq27
                0x00000000100001cc                isr_irq31
                0x00000000100001cc                isr_irq5
                0x00000000100001cc                isr_irq11
                0x00000000100001cc                isr_irq23
                0x00000000100001cc                isr_irq18
                0x00000000100001cc                isr_irq28
                0x00000000100001cc                isr_irq19
                0x00000000100001cc                isr_irq0
                0x00000000100001cc                isr_irq6
                0x00000000100001cc                isr_irq22
                0x00000000100001cc                isr_irq17
                0x00000000100001cc                isr_irq14
                0x00000000100001cc                isr_irq2
                0x00000000100001cc                isr_irq10
                0x00000000100001cc                isr_irq8
                0x00000000100001cc                isr_irq24
                0x00000000100001cc                isr_irq1
                0x00000000100001cc                isr_irq7
                0x00000000100001cc                isr_irq21
                0x00000000100001cc                isr_irq20
                0x00000000100001cc                isr_irq15
                0x00000000100001cc                isr_irq25
                0x00000000100001cc                isr_irq4
                0x00000000100001cc                isr_irq16
                0x00000000100001cc                isr_irq29
                0x00000000100001cc                isr_irq26
                0x00000000100001cc                __default_isrs_end
                0x00000000100001cc                isr_irq3
                0x00000000100001cc                isr_irq12
                0x00000000100001cc                isr_irq9
                0x00000000100001d2                unhandled_user_irq_num_in_r0
 *(.binary_info_header)
 .binary_info_header
                0x00000000100001d4       0x14 CMakeFiles/multi.dir/home/schtromar/Documents/faks/dip/diplomska/pico-sdk/src/rp2_common/pico_standard_link/crt0.S.obj
                0x00000000100001e8                __binary_info_header_end = .
 *(.reset)
 .reset         0x00000000100001e8       0xa8 CMakeFiles/multi.dir/home/schtromar/Documents/faks/dip/diplomska/pico-sdk/src/rp2_common/pico_standard_link/crt0.S.obj
                0x00000000100001e8                _entry_point
                0x0000000010000266                __get_current_exception
 .reset         0x0000000010000290       0x30 CMakeFiles/multi.dir/home/schtromar/Documents/faks/dip/diplomska/pico-sdk/src/rp2_common/pico_standard_link/binary_info.c.obj
 *(.init)
 .init          0x00000000100002c0        0x4 /build/gcc-arm-none-eabi-9-2020-q2-update/bin/../lib/gcc/arm-none-eabi/9.3.1/thumb/v6-m/nofp/crti.o
                0x00000000100002c0                _init
 *(EXCLUDE_FILE(*libm.a: *libc.a:*lib_a-mem*.o *libgcc.a:) .text*)
 .text          0x00000000100002c4       0x48 /build/gcc-arm-none-eabi-9-2020-q2-update/bin/../lib/gcc/arm-none-eabi/9.3.1/thumb/v6-m/nofp/crtbegin.o
 .text.commThread
                0x000000001000030c       0x20 CMakeFiles/multi.dir/multi.c.obj
                0x000000001000030c                commThread
 .text.PIOInterrupt
                0x000000001000032c       0x7c CMakeFiles/multi.dir/multi.c.obj
                0x000000001000032c                PIOInterrupt
 .text.risingEdgeInit_sh.constprop.0
                0x00000000100003a8       0x7c CMakeFiles/multi.dir/multi.c.obj
 .text.startup.main
                0x0000000010000424      0x144 CMakeFiles/multi.dir/multi.c.obj
                0x0000000010000424                main
 .text.gpio_set_function
                0x0000000010000568       0x30 CMakeFiles/multi.dir/home/schtromar/Documents/faks/dip/diplomska/pico-sdk/src/rp2_common/hardware_gpio/gpio.c.obj
                0x0000000010000568                gpio_set_function
 .text.gpio_init
                0x0000000010000598       0x3c CMakeFiles/multi.dir/home/schtromar/Documents/faks/dip/diplomska/pico-sdk/src/rp2_common/hardware_gpio/gpio.c.obj
                0x0000000010000598                gpio_init
 .text.hw_claim_lock
                0x00000000100005d4       0x18 CMakeFiles/multi.dir/home/schtromar/Documents/faks/dip/diplomska/pico-sdk/src/rp2_common/hardware_claim/claim.c.obj
                0x00000000100005d4                hw_claim_lock
 .text.hw_claim_unlock
                0x00000000100005ec       0x14 CMakeFiles/multi.dir/home/schtromar/Documents/faks/dip/diplomska/pico-sdk/src/rp2_common/hardware_claim/claim.c.obj
                0x00000000100005ec                hw_claim_unlock
 .text.hw_claim_or_assert
                0x0000000010000600       0x48 CMakeFiles/multi.dir/home/schtromar/Documents/faks/dip/diplomska/pico-sdk/src/rp2_common/hardware_claim/claim.c.obj
                0x0000000010000600                hw_claim_or_assert
 .text.hw_claim_unused_from_range
                0x0000000010000648       0x9c CMakeFiles/multi.dir/home/schtromar/Documents/faks/dip/diplomska/pico-sdk/src/rp2_common/hardware_claim/claim.c.obj
                0x0000000010000648                hw_claim_unused_from_range
 .text.running_on_fpga
                0x00000000100006e4       0x10 CMakeFiles/multi.dir/home/schtromar/Documents/faks/dip/diplomska/pico-sdk/src/rp2_common/pico_platform/platform.c.obj
                0x00000000100006e4                running_on_fpga
 .text.spin_locks_reset
                0x00000000100006f4       0x1c CMakeFiles/multi.dir/home/schtromar/Documents/faks/dip/diplomska/pico-sdk/src/rp2_common/hardware_sync/sync.c.obj
                0x00000000100006f4                spin_locks_reset
 .text.next_striped_spin_lock_num
                0x0000000010000710       0x18 CMakeFiles/multi.dir/home/schtromar/Documents/faks/dip/diplomska/pico-sdk/src/rp2_common/hardware_sync/sync.c.obj
                0x0000000010000710                next_striped_spin_lock_num
 .text.spin_lock_claim_unused
                0x0000000010000728       0x20 CMakeFiles/multi.dir/home/schtromar/Documents/faks/dip/diplomska/pico-sdk/src/rp2_common/hardware_sync/sync.c.obj
                0x0000000010000728                spin_lock_claim_unused
 .text.timer_pool_entry_comparator
                0x0000000010000748       0x34 CMakeFiles/multi.dir/home/schtromar/Documents/faks/dip/diplomska/pico-sdk/src/common/pico_time/time.c.obj
                0x0000000010000748                timer_pool_entry_comparator
 .text.sleep_until_callback
                0x000000001000077c       0x30 CMakeFiles/multi.dir/home/schtromar/Documents/faks/dip/diplomska/pico-sdk/src/common/pico_time/time.c.obj
 .text.alarm_pool_add_alarm_at.constprop.0
                0x00000000100007ac      0x128 CMakeFiles/multi.dir/home/schtromar/Documents/faks/dip/diplomska/pico-sdk/src/common/pico_time/time.c.obj
 .text.add_alarm_under_lock
                0x00000000100008d4      0x108 CMakeFiles/multi.dir/home/schtromar/Documents/faks/dip/diplomska/pico-sdk/src/common/pico_time/time.c.obj
 .text.alarm_pool_alarm_callback
                0x00000000100009dc      0x1c8 CMakeFiles/multi.dir/home/schtromar/Documents/faks/dip/diplomska/pico-sdk/src/common/pico_time/time.c.obj
 .text.alarm_pool_init_default
                0x0000000010000ba4       0x64 CMakeFiles/multi.dir/home/schtromar/Documents/faks/dip/diplomska/pico-sdk/src/common/pico_time/time.c.obj
                0x0000000010000ba4                alarm_pool_init_default
 .text.alarm_pool_get_default
                0x0000000010000c08        0x8 CMakeFiles/multi.dir/home/schtromar/Documents/faks/dip/diplomska/pico-sdk/src/common/pico_time/time.c.obj
                0x0000000010000c08                alarm_pool_get_default
 .text.alarm_pool_add_alarm_at
                0x0000000010000c10      0x1ac CMakeFiles/multi.dir/home/schtromar/Documents/faks/dip/diplomska/pico-sdk/src/common/pico_time/time.c.obj
                0x0000000010000c10                alarm_pool_add_alarm_at
 .text.sleep_until
                0x0000000010000dbc       0xac CMakeFiles/multi.dir/home/schtromar/Documents/faks/dip/diplomska/pico-sdk/src/common/pico_time/time.c.obj
                0x0000000010000dbc                sleep_until
 .text.sleep_ms
                0x0000000010000e68       0x38 CMakeFiles/multi.dir/home/schtromar/Documents/faks/dip/diplomska/pico-sdk/src/common/pico_time/time.c.obj
                0x0000000010000e68                sleep_ms
 .text.best_effort_wfe_or_timeout
                0x0000000010000ea0       0xd4 CMakeFiles/multi.dir/home/schtromar/Documents/faks/dip/diplomska/pico-sdk/src/common/pico_time/time.c.obj
                0x0000000010000ea0                best_effort_wfe_or_timeout
 .text.hardware_alarm_irq_handler
                0x0000000010000f74       0xb8 CMakeFiles/multi.dir/home/schtromar/Documents/faks/dip/diplomska/pico-sdk/src/rp2_common/hardware_timer/timer.c.obj
 .text.hardware_alarm_claim
                0x000000001000102c       0x18 CMakeFiles/multi.dir/home/schtromar/Documents/faks/dip/diplomska/pico-sdk/src/rp2_common/hardware_timer/timer.c.obj
                0x000000001000102c                hardware_alarm_claim
 .text.time_us_64
                0x0000000010001044       0x14 CMakeFiles/multi.dir/home/schtromar/Documents/faks/dip/diplomska/pico-sdk/src/rp2_common/hardware_timer/timer.c.obj
                0x0000000010001044                time_us_64
 .text.busy_wait_until
                0x0000000010001058       0x20 CMakeFiles/multi.dir/home/schtromar/Documents/faks/dip/diplomska/pico-sdk/src/rp2_common/hardware_timer/timer.c.obj
                0x0000000010001058                busy_wait_until
 .text.hardware_alarm_set_callback
                0x0000000010001078       0x8c CMakeFiles/multi.dir/home/schtromar/Documents/faks/dip/diplomska/pico-sdk/src/rp2_common/hardware_timer/timer.c.obj
                0x0000000010001078                hardware_alarm_set_callback
 .text.hardware_alarm_set_target
                0x0000000010001104       0xe4 CMakeFiles/multi.dir/home/schtromar/Documents/faks/dip/diplomska/pico-sdk/src/rp2_common/hardware_timer/timer.c.obj
                0x0000000010001104                hardware_alarm_set_target
 .text.hardware_alarm_cancel
                0x00000000100011e8       0x40 CMakeFiles/multi.dir/home/schtromar/Documents/faks/dip/diplomska/pico-sdk/src/rp2_common/hardware_timer/timer.c.obj
                0x00000000100011e8                hardware_alarm_cancel
 .text.lock_init
                0x0000000010001228       0x10 CMakeFiles/multi.dir/home/schtromar/Documents/faks/dip/diplomska/pico-sdk/src/common/pico_sync/lock_core.c.obj
                0x0000000010001228                lock_init
 .text.mutex_init
                0x0000000010001238       0x1c CMakeFiles/multi.dir/home/schtromar/Documents/faks/dip/diplomska/pico-sdk/src/common/pico_sync/mutex.c.obj
                0x0000000010001238                mutex_init
 .text.recursive_mutex_init
                0x0000000010001254       0x1c CMakeFiles/multi.dir/home/schtromar/Documents/faks/dip/diplomska/pico-sdk/src/common/pico_sync/mutex.c.obj
                0x0000000010001254                recursive_mutex_init
 .text.critical_section_init
                0x0000000010001270       0x1c CMakeFiles/multi.dir/home/schtromar/Documents/faks/dip/diplomska/pico-sdk/src/common/pico_sync/critical_section.c.obj
                0x0000000010001270                critical_section_init
 .text.ph_merge_nodes
                0x000000001000128c       0x68 CMakeFiles/multi.dir/home/schtromar/Documents/faks/dip/diplomska/pico-sdk/src/common/pico_util/pheap.c.obj
 .text.ph_post_alloc_init
                0x00000000100012f4       0x3c CMakeFiles/multi.dir/home/schtromar/Documents/faks/dip/diplomska/pico-sdk/src/common/pico_util/pheap.c.obj
                0x00000000100012f4                ph_post_alloc_init
 .text.ph_merge_two_pass
                0x0000000010001330       0x90 CMakeFiles/multi.dir/home/schtromar/Documents/faks/dip/diplomska/pico-sdk/src/common/pico_util/pheap.c.obj
                0x0000000010001330                ph_merge_two_pass
 .text.ph_remove_any_head
                0x00000000100013c0       0xf8 CMakeFiles/multi.dir/home/schtromar/Documents/faks/dip/diplomska/pico-sdk/src/common/pico_util/pheap.c.obj
 .text.ph_remove_head
                0x00000000100014b8      0x13c CMakeFiles/multi.dir/home/schtromar/Documents/faks/dip/diplomska/pico-sdk/src/common/pico_util/pheap.c.obj
                0x00000000100014b8                ph_remove_head
 .text.ph_remove_and_free_node
                0x00000000100015f4       0x7c CMakeFiles/multi.dir/home/schtromar/Documents/faks/dip/diplomska/pico-sdk/src/common/pico_util/pheap.c.obj
                0x00000000100015f4                ph_remove_and_free_node
 .text.runtime_init
                0x0000000010001670       0xf0 CMakeFiles/multi.dir/home/schtromar/Documents/faks/dip/diplomska/pico-sdk/src/rp2_common/pico_runtime/runtime.c.obj
                0x0000000010001670                runtime_init
 .text.exit     0x0000000010001760        0x4 CMakeFiles/multi.dir/home/schtromar/Documents/faks/dip/diplomska/pico-sdk/src/rp2_common/pico_runtime/runtime.c.obj
                0x0000000010001760                exit
 .text.panic    0x0000000010001764       0x30 CMakeFiles/multi.dir/home/schtromar/Documents/faks/dip/diplomska/pico-sdk/src/rp2_common/pico_runtime/runtime.c.obj
                0x0000000010001764                panic
 .text.hard_assertion_failure
                0x0000000010001794        0xc CMakeFiles/multi.dir/home/schtromar/Documents/faks/dip/diplomska/pico-sdk/src/rp2_common/pico_runtime/runtime.c.obj
                0x0000000010001794                hard_assertion_failure
 .text.clocks_init
                0x00000000100017a0      0x2bc CMakeFiles/multi.dir/home/schtromar/Documents/faks/dip/diplomska/pico-sdk/src/rp2_common/hardware_clocks/clocks.c.obj
                0x00000000100017a0                clocks_init
 .text.irq_set_enabled
                0x0000000010001a5c       0x24 CMakeFiles/multi.dir/home/schtromar/Documents/faks/dip/diplomska/pico-sdk/src/rp2_common/hardware_irq/irq.c.obj
                0x0000000010001a5c                irq_set_enabled
 .text.irq_is_enabled
                0x0000000010001a80       0x18 CMakeFiles/multi.dir/home/schtromar/Documents/faks/dip/diplomska/pico-sdk/src/rp2_common/hardware_irq/irq.c.obj
                0x0000000010001a80                irq_is_enabled
 .text.irq_set_pending
                0x0000000010001a98       0x10 CMakeFiles/multi.dir/home/schtromar/Documents/faks/dip/diplomska/pico-sdk/src/rp2_common/hardware_irq/irq.c.obj
                0x0000000010001a98                irq_set_pending
 .text.irq_get_vtable_handler
                0x0000000010001aa8       0x10 CMakeFiles/multi.dir/home/schtromar/Documents/faks/dip/diplomska/pico-sdk/src/rp2_common/hardware_irq/irq.c.obj
                0x0000000010001aa8                irq_get_vtable_handler
 .text.irq_set_exclusive_handler
                0x0000000010001ab8       0x54 CMakeFiles/multi.dir/home/schtromar/Documents/faks/dip/diplomska/pico-sdk/src/rp2_common/hardware_irq/irq.c.obj
                0x0000000010001ab8                irq_set_exclusive_handler
 .text.irq_add_shared_handler
                0x0000000010001b0c      0x1c0 CMakeFiles/multi.dir/home/schtromar/Documents/faks/dip/diplomska/pico-sdk/src/rp2_common/hardware_irq/irq.c.obj
                0x0000000010001b0c                irq_add_shared_handler
 .text.irq_remove_handler
                0x0000000010001ccc      0x1b4 CMakeFiles/multi.dir/home/schtromar/Documents/faks/dip/diplomska/pico-sdk/src/rp2_common/hardware_irq/irq.c.obj
                0x0000000010001ccc                irq_remove_handler
 .text.irq_add_tail_to_free_list
                0x0000000010001e80       0xb8 CMakeFiles/multi.dir/home/schtromar/Documents/faks/dip/diplomska/pico-sdk/src/rp2_common/hardware_irq/irq.c.obj
                0x0000000010001e80                irq_add_tail_to_free_list
 .text.irq_init_priorities
                0x0000000010001f38       0x24 CMakeFiles/multi.dir/home/schtromar/Documents/faks/dip/diplomska/pico-sdk/src/rp2_common/hardware_irq/irq.c.obj
                0x0000000010001f38                irq_init_priorities
 .text.pll_init
                0x0000000010001f5c       0xa8 CMakeFiles/multi.dir/home/schtromar/Documents/faks/dip/diplomska/pico-sdk/src/rp2_common/hardware_pll/pll.c.obj
                0x0000000010001f5c                pll_init
 .text.watchdog_start_tick
                0x0000000010002004       0x10 CMakeFiles/multi.dir/home/schtromar/Documents/faks/dip/diplomska/pico-sdk/src/rp2_common/hardware_watchdog/watchdog.c.obj
                0x0000000010002004                watchdog_start_tick
 .text.watchdog_reboot
                0x0000000010002014       0x98 CMakeFiles/multi.dir/home/schtromar/Documents/faks/dip/diplomska/pico-sdk/src/rp2_common/hardware_watchdog/watchdog.c.obj
                0x0000000010002014                watchdog_reboot
 .text.xosc_init
                0x00000000100020ac       0x28 CMakeFiles/multi.dir/home/schtromar/Documents/faks/dip/diplomska/pico-sdk/src/rp2_common/hardware_xosc/xosc.c.obj
                0x00000000100020ac                xosc_init
 .text._out_null
                0x00000000100020d4        0x4 CMakeFiles/multi.dir/home/schtromar/Documents/faks/dip/diplomska/pico-sdk/src/rp2_common/pico_printf/printf.c.obj
 .text._out_rev
                0x00000000100020d8       0xd0 CMakeFiles/multi.dir/home/schtromar/Documents/faks/dip/diplomska/pico-sdk/src/rp2_common/pico_printf/printf.c.obj
 .text._ntoa_format
                0x00000000100021a8      0x1d0 CMakeFiles/multi.dir/home/schtromar/Documents/faks/dip/diplomska/pico-sdk/src/rp2_common/pico_printf/printf.c.obj
 .text._out_char
                0x0000000010002378       0x10 CMakeFiles/multi.dir/home/schtromar/Documents/faks/dip/diplomska/pico-sdk/src/rp2_common/pico_printf/printf.c.obj
 .text._out_fct
                0x0000000010002388       0x10 CMakeFiles/multi.dir/home/schtromar/Documents/faks/dip/diplomska/pico-sdk/src/rp2_common/pico_printf/printf.c.obj
 .text._etoa    0x0000000010002398      0x478 CMakeFiles/multi.dir/home/schtromar/Documents/faks/dip/diplomska/pico-sdk/src/rp2_common/pico_printf/printf.c.obj
 .text._ftoa    0x0000000010002810      0x3e0 CMakeFiles/multi.dir/home/schtromar/Documents/faks/dip/diplomska/pico-sdk/src/rp2_common/pico_printf/printf.c.obj
 .text._vsnprintf
                0x0000000010002bf0      0xb08 CMakeFiles/multi.dir/home/schtromar/Documents/faks/dip/diplomska/pico-sdk/src/rp2_common/pico_printf/printf.c.obj
 .text.vfctprintf
                0x00000000100036f8       0x20 CMakeFiles/multi.dir/home/schtromar/Documents/faks/dip/diplomska/pico-sdk/src/rp2_common/pico_printf/printf.c.obj
                0x00000000100036f8                vfctprintf
 .text.weak_raw_vprintf
                0x0000000010003718       0x30 CMakeFiles/multi.dir/home/schtromar/Documents/faks/dip/diplomska/pico-sdk/src/rp2_common/pico_printf/printf.c.obj
                0x0000000010003718                weak_raw_vprintf
 .text          0x0000000010003748       0x10 CMakeFiles/multi.dir/home/schtromar/Documents/faks/dip/diplomska/pico-sdk/src/rp2_common/pico_bit_ops/bit_ops_aeabi.S.obj
 .text.rom_func_lookup
                0x0000000010003758       0x10 CMakeFiles/multi.dir/home/schtromar/Documents/faks/dip/diplomska/pico-sdk/src/rp2_common/pico_bootrom/bootrom.c.obj
                0x0000000010003758                rom_func_lookup
 .text.rom_data_lookup
                0x0000000010003768       0x10 CMakeFiles/multi.dir/home/schtromar/Documents/faks/dip/diplomska/pico-sdk/src/rp2_common/pico_bootrom/bootrom.c.obj
                0x0000000010003768                rom_data_lookup
 .text.rom_funcs_lookup
                0x0000000010003778       0x3c CMakeFiles/multi.dir/home/schtromar/Documents/faks/dip/diplomska/pico-sdk/src/rp2_common/pico_bootrom/bootrom.c.obj
                0x0000000010003778                rom_funcs_lookup
 .text.__wrap___aeabi_idiv
                0x00000000100037b4       0x50 CMakeFiles/multi.dir/home/schtromar/Documents/faks/dip/diplomska/pico-sdk/src/rp2_common/pico_divider/divider.S.obj
                0x00000000100037b4                __wrap___aeabi_idivmod
                0x00000000100037b4                divmod_s32s32
                0x00000000100037b4                div_s32s32
                0x00000000100037b4                __wrap___aeabi_idiv
                0x00000000100037bc                divmod_s32s32_unsafe
                0x00000000100037e8                divmod_s32s32_savestate
 .text.__wrap___aeabi_uidiv
                0x0000000010003804       0x4c CMakeFiles/multi.dir/home/schtromar/Documents/faks/dip/diplomska/pico-sdk/src/rp2_common/pico_divider/divider.S.obj
                0x0000000010003804                __wrap___aeabi_uidiv
                0x0000000010003804                __wrap___aeabi_uidivmod
                0x0000000010003804                div_u32u32
                0x0000000010003804                divmod_u32u32
                0x000000001000380c                divmod_u32u32_unsafe
                0x0000000010003834                divmod_u32u32_savestate
 .text.__wrap___aeabi_ldiv
                0x0000000010003850      0x434 CMakeFiles/multi.dir/home/schtromar/Documents/faks/dip/diplomska/pico-sdk/src/rp2_common/pico_divider/divider.S.obj
                0x0000000010003850                div_s64s64
                0x0000000010003850                divmod_s64s64
                0x0000000010003850                __wrap___aeabi_ldivmod
                0x0000000010003888                div_u64u64
                0x0000000010003888                divmod_u64u64
                0x0000000010003888                __wrap___aeabi_uldivmod
                0x0000000010003898                divmod_u64u64_savestate
                0x00000000100038c0                divmod_s64s64_unsafe
                0x0000000010003948                divmod_u64u64_unsafe
 .text.__wrap___aeabi_darithmetic
                0x0000000010003c84       0x80 CMakeFiles/multi.dir/home/schtromar/Documents/faks/dip/diplomska/pico-sdk/src/rp2_common/pico_double/double_aeabi.S.obj
                0x0000000010003c84                __wrap___aeabi_drsub
                0x0000000010003c8a                __wrap___aeabi_dsub
                0x0000000010003c9c                __wrap___aeabi_dadd
                0x0000000010003cae                __wrap___aeabi_ddiv
                0x0000000010003cea                __wrap___aeabi_dmul
 .text.__wrap___aeabi_cdcmple
                0x0000000010003d04       0x6c CMakeFiles/multi.dir/home/schtromar/Documents/faks/dip/diplomska/pico-sdk/src/rp2_common/pico_double/double_aeabi.S.obj
                0x0000000010003d04                __wrap___aeabi_cdrcmple
                0x0000000010003d14                __wrap___aeabi_cdcmple
                0x0000000010003d14                __wrap___aeabi_cdcmpeq
 .text.__wrap___aeabi_dcmplt
                0x0000000010003d70        0xc CMakeFiles/multi.dir/home/schtromar/Documents/faks/dip/diplomska/pico-sdk/src/rp2_common/pico_double/double_aeabi.S.obj
                0x0000000010003d70                __wrap___aeabi_dcmplt
 .text.__wrap___aeabi_dcmple
                0x0000000010003d7c       0x10 CMakeFiles/multi.dir/home/schtromar/Documents/faks/dip/diplomska/pico-sdk/src/rp2_common/pico_double/double_aeabi.S.obj
                0x0000000010003d7c                __wrap___aeabi_dcmple
 .text.__wrap___aeabi_dcmpge
                0x0000000010003d8c       0x10 CMakeFiles/multi.dir/home/schtromar/Documents/faks/dip/diplomska/pico-sdk/src/rp2_common/pico_double/double_aeabi.S.obj
                0x0000000010003d8c                __wrap___aeabi_dcmpge
 .text.__wrap___aeabi_dcmpgt
                0x0000000010003d9c        0xa CMakeFiles/multi.dir/home/schtromar/Documents/faks/dip/diplomska/pico-sdk/src/rp2_common/pico_double/double_aeabi.S.obj
                0x0000000010003d9c                __wrap___aeabi_dcmpgt
 .text.__wrap___aeabi_dcmpun
                0x0000000010003da6       0x1c CMakeFiles/multi.dir/home/schtromar/Documents/faks/dip/diplomska/pico-sdk/src/rp2_common/pico_double/double_aeabi.S.obj
                0x0000000010003da6                __wrap___aeabi_dcmpun
 *fill*         0x0000000010003dc2        0x2 
 .text.__wrap___aeabi_i2d
                0x0000000010003dc4       0x38 CMakeFiles/multi.dir/home/schtromar/Documents/faks/dip/diplomska/pico-sdk/src/rp2_common/pico_double/double_aeabi.S.obj
                0x0000000010003dc4                __wrap___aeabi_ui2d
                0x0000000010003dcc                __wrap___aeabi_i2d
 .text.__wrap___aeabi_d2iz
                0x0000000010003dfc       0x48 CMakeFiles/multi.dir/home/schtromar/Documents/faks/dip/diplomska/pico-sdk/src/rp2_common/pico_double/double_aeabi.S.obj
                0x0000000010003dfc                __wrap___aeabi_d2iz
                0x0000000010003dfc                double2int_z
 .text.__wrap___aeabi_d2uiz
                0x0000000010003e44       0x18 CMakeFiles/multi.dir/home/schtromar/Documents/faks/dip/diplomska/pico-sdk/src/rp2_common/pico_double/double_aeabi.S.obj
                0x0000000010003e44                double2uint
                0x0000000010003e44                __wrap___aeabi_d2uiz
 .text.__aeabi_double_init
                0x0000000010003e5c       0xc0 CMakeFiles/multi.dir/home/schtromar/Documents/faks/dip/diplomska/pico-sdk/src/rp2_common/pico_double/double_init_rom.c.obj
                0x0000000010003e5c                __aeabi_double_init
 .text.double_table_shim_on_use_helper
                0x0000000010003f1c       0x2c CMakeFiles/multi.dir/home/schtromar/Documents/faks/dip/diplomska/pico-sdk/src/rp2_common/pico_double/double_v1_rom_shim.S.obj
                0x0000000010003f1c                double_table_shim_on_use_helper
 .text.__wrap___aeabi_dsub
                0x0000000010003f48       0x10 CMakeFiles/multi.dir/home/schtromar/Documents/faks/dip/diplomska/pico-sdk/src/rp2_common/pico_double/double_v1_rom_shim.S.obj
                0x0000000010003f48                drsub_shim
                0x0000000010003f4e                dsub_shim
 .text.dadd_shim
                0x0000000010003f58      0x15c CMakeFiles/multi.dir/home/schtromar/Documents/faks/dip/diplomska/pico-sdk/src/rp2_common/pico_double/double_v1_rom_shim.S.obj
                0x0000000010003f58                dadd_shim
 .text.dmul_shim
                0x00000000100040b4      0x15c CMakeFiles/multi.dir/home/schtromar/Documents/faks/dip/diplomska/pico-sdk/src/rp2_common/pico_double/double_v1_rom_shim.S.obj
                0x00000000100040b4                dmul_shim
 .text.ddiv_shim
                0x0000000010004210      0x1b0 CMakeFiles/multi.dir/home/schtromar/Documents/faks/dip/diplomska/pico-sdk/src/rp2_common/pico_double/double_v1_rom_shim.S.obj
                0x0000000010004210                ddiv_shim
 .text.double2uint_shim
                0x00000000100043c0        0xe CMakeFiles/multi.dir/home/schtromar/Documents/faks/dip/diplomska/pico-sdk/src/rp2_common/pico_double/double_v1_rom_shim.S.obj
                0x00000000100043c0                double2uint_shim
                0x00000000100043c2                double2ufix_shim
 *fill*         0x00000000100043ce        0x2 
 .text.double2uint64_shim
                0x00000000100043d0       0x70 CMakeFiles/multi.dir/home/schtromar/Documents/faks/dip/diplomska/pico-sdk/src/rp2_common/pico_double/double_v1_rom_shim.S.obj
                0x00000000100043d0                double2uint64_shim
                0x00000000100043d2                double2ufix64_shim
                0x00000000100043f2                d2fix_a
 .text.dunpacks
                0x0000000010004440       0x3c CMakeFiles/multi.dir/home/schtromar/Documents/faks/dip/diplomska/pico-sdk/src/rp2_common/pico_double/double_v1_rom_shim.S.obj
                0x0000000010004440                dunpacks
 .text.__aeabi_lmul
                0x000000001000447c       0x32 CMakeFiles/multi.dir/home/schtromar/Documents/faks/dip/diplomska/pico-sdk/src/rp2_common/pico_int64_ops/pico_int64_ops_aeabi.S.obj
                0x000000001000447c                __wrap___aeabi_lmul
 *fill*         0x00000000100044ae        0x2 
 .text.__aeabi_float_init
                0x00000000100044b0       0x64 CMakeFiles/multi.dir/home/schtromar/Documents/faks/dip/diplomska/pico-sdk/src/rp2_common/pico_float/float_init_rom.c.obj
                0x00000000100044b0                __aeabi_float_init
 .text.float_table_shim_on_use_helper
                0x0000000010004514       0x2c CMakeFiles/multi.dir/home/schtromar/Documents/faks/dip/diplomska/pico-sdk/src/rp2_common/pico_float/float_v1_rom_shim.S.obj
                0x0000000010004514                float_table_shim_on_use_helper
 .text          0x0000000010004540       0x10 CMakeFiles/multi.dir/home/schtromar/Documents/faks/dip/diplomska/pico-sdk/src/rp2_common/pico_mem_ops/mem_ops_aeabi.S.obj
                0x0000000010004540                __aeabi_mem_init
 .text.memset   0x0000000010004550        0xc CMakeFiles/multi.dir/home/schtromar/Documents/faks/dip/diplomska/pico-sdk/src/rp2_common/pico_mem_ops/mem_ops_aeabi.S.obj
                0x0000000010004550                __wrap_memset
 .text.memcpy   0x000000001000455c        0xc CMakeFiles/multi.dir/home/schtromar/Documents/faks/dip/diplomska/pico-sdk/src/rp2_common/pico_mem_ops/mem_ops_aeabi.S.obj
                0x000000001000455c                __wrap___aeabi_memcpy
                0x000000001000455c                __wrap_memcpy
 .text.stdio_out_chars_no_crlf
                0x0000000010004568       0x10 CMakeFiles/multi.dir/home/schtromar/Documents/faks/dip/diplomska/pico-sdk/src/rp2_common/pico_stdio/stdio.c.obj
 .text.stdio_out_chars_crlf
                0x0000000010004578       0x94 CMakeFiles/multi.dir/home/schtromar/Documents/faks/dip/diplomska/pico-sdk/src/rp2_common/pico_stdio/stdio.c.obj
 .text.stdio_buffered_printer
                0x000000001000460c       0x64 CMakeFiles/multi.dir/home/schtromar/Documents/faks/dip/diplomska/pico-sdk/src/rp2_common/pico_stdio/stdio.c.obj
 .text.stdio_put_string
                0x0000000010004670      0x100 CMakeFiles/multi.dir/home/schtromar/Documents/faks/dip/diplomska/pico-sdk/src/rp2_common/pico_stdio/stdio.c.obj
 .text.__wrap_putchar
                0x0000000010004770       0xa4 CMakeFiles/multi.dir/home/schtromar/Documents/faks/dip/diplomska/pico-sdk/src/rp2_common/pico_stdio/stdio.c.obj
                0x0000000010004770                __wrap_putchar
 .text.__wrap_puts
                0x0000000010004814       0x3c CMakeFiles/multi.dir/home/schtromar/Documents/faks/dip/diplomska/pico-sdk/src/rp2_common/pico_stdio/stdio.c.obj
                0x0000000010004814                __wrap_puts
 .text.stdio_set_driver_enabled
                0x0000000010004850       0x30 CMakeFiles/multi.dir/home/schtromar/Documents/faks/dip/diplomska/pico-sdk/src/rp2_common/pico_stdio/stdio.c.obj
                0x0000000010004850                stdio_set_driver_enabled
 .text.__wrap_vprintf
                0x0000000010004880       0xd8 CMakeFiles/multi.dir/home/schtromar/Documents/faks/dip/diplomska/pico-sdk/src/rp2_common/pico_stdio/stdio.c.obj
                0x0000000010004880                __wrap_vprintf
 .text.__wrap_printf
                0x0000000010004958       0x18 CMakeFiles/multi.dir/home/schtromar/Documents/faks/dip/diplomska/pico-sdk/src/rp2_common/pico_stdio/stdio.c.obj
                0x0000000010004958                __wrap_printf
 .text.stdio_init_all
                0x0000000010004970        0x8 CMakeFiles/multi.dir/home/schtromar/Documents/faks/dip/diplomska/pico-sdk/src/rp2_common/pico_stdio/stdio.c.obj
                0x0000000010004970                stdio_init_all
 .text.resetd_init
                0x0000000010004978        0x4 CMakeFiles/multi.dir/home/schtromar/Documents/faks/dip/diplomska/pico-sdk/src/rp2_common/pico_stdio_usb/reset_interface.c.obj
 .text.resetd_reset
                0x000000001000497c        0xc CMakeFiles/multi.dir/home/schtromar/Documents/faks/dip/diplomska/pico-sdk/src/rp2_common/pico_stdio_usb/reset_interface.c.obj
 .text.resetd_open
                0x0000000010004988       0x28 CMakeFiles/multi.dir/home/schtromar/Documents/faks/dip/diplomska/pico-sdk/src/rp2_common/pico_stdio_usb/reset_interface.c.obj
 .text.resetd_xfer_cb
                0x00000000100049b0        0x4 CMakeFiles/multi.dir/home/schtromar/Documents/faks/dip/diplomska/pico-sdk/src/rp2_common/pico_stdio_usb/reset_interface.c.obj
 .text.resetd_control_xfer_cb
                0x00000000100049b4       0x64 CMakeFiles/multi.dir/home/schtromar/Documents/faks/dip/diplomska/pico-sdk/src/rp2_common/pico_stdio_usb/reset_interface.c.obj
 .text.usbd_app_driver_get_cb
                0x0000000010004a18        0xc CMakeFiles/multi.dir/home/schtromar/Documents/faks/dip/diplomska/pico-sdk/src/rp2_common/pico_stdio_usb/reset_interface.c.obj
                0x0000000010004a18                usbd_app_driver_get_cb
 .text.tud_cdc_line_coding_cb
                0x0000000010004a24       0x34 CMakeFiles/multi.dir/home/schtromar/Documents/faks/dip/diplomska/pico-sdk/src/rp2_common/pico_stdio_usb/reset_interface.c.obj
                0x0000000010004a24                tud_cdc_line_coding_cb
 .text.stdio_usb_in_chars
                0x0000000010004a58       0x68 CMakeFiles/multi.dir/home/schtromar/Documents/faks/dip/diplomska/pico-sdk/src/rp2_common/pico_stdio_usb/stdio_usb.c.obj
                0x0000000010004a58                stdio_usb_in_chars
 .text.stdio_usb_out_chars
                0x0000000010004ac0       0xec CMakeFiles/multi.dir/home/schtromar/Documents/faks/dip/diplomska/pico-sdk/src/rp2_common/pico_stdio_usb/stdio_usb.c.obj
 .text.timer_task
                0x0000000010004bac       0x10 CMakeFiles/multi.dir/home/schtromar/Documents/faks/dip/diplomska/pico-sdk/src/rp2_common/pico_stdio_usb/stdio_usb.c.obj
 .text.low_priority_worker_irq
                0x0000000010004bbc       0x24 CMakeFiles/multi.dir/home/schtromar/Documents/faks/dip/diplomska/pico-sdk/src/rp2_common/pico_stdio_usb/stdio_usb.c.obj
 .text.stdio_usb_init
                0x0000000010004be0       0x90 CMakeFiles/multi.dir/home/schtromar/Documents/faks/dip/diplomska/pico-sdk/src/rp2_common/pico_stdio_usb/stdio_usb.c.obj
                0x0000000010004be0                stdio_usb_init
 .text.tud_descriptor_device_cb
                0x0000000010004c70        0x8 CMakeFiles/multi.dir/home/schtromar/Documents/faks/dip/diplomska/pico-sdk/src/rp2_common/pico_stdio_usb/stdio_usb_descriptors.c.obj
                0x0000000010004c70                tud_descriptor_device_cb
 .text.tud_descriptor_configuration_cb
                0x0000000010004c78        0x8 CMakeFiles/multi.dir/home/schtromar/Documents/faks/dip/diplomska/pico-sdk/src/rp2_common/pico_stdio_usb/stdio_usb_descriptors.c.obj
                0x0000000010004c78                tud_descriptor_configuration_cb
 .text.tud_descriptor_string_cb
                0x0000000010004c80       0x70 CMakeFiles/multi.dir/home/schtromar/Documents/faks/dip/diplomska/pico-sdk/src/rp2_common/pico_stdio_usb/stdio_usb_descriptors.c.obj
                0x0000000010004c80                tud_descriptor_string_cb
 .text.dcd_rp2040_irq
                0x0000000010004cf0      0x21c CMakeFiles/multi.dir/home/schtromar/Documents/faks/dip/diplomska/pico-sdk/lib/tinyusb/src/portable/raspberrypi/rp2040/dcd_rp2040.c.obj
 .text.dcd_int_enable
                0x0000000010004f0c        0xc CMakeFiles/multi.dir/home/schtromar/Documents/faks/dip/diplomska/pico-sdk/lib/tinyusb/src/portable/raspberrypi/rp2040/dcd_rp2040.c.obj
                0x0000000010004f0c                dcd_int_enable
 .text.dcd_set_address
                0x0000000010004f18       0x14 CMakeFiles/multi.dir/home/schtromar/Documents/faks/dip/diplomska/pico-sdk/lib/tinyusb/src/portable/raspberrypi/rp2040/dcd_rp2040.c.obj
                0x0000000010004f18                dcd_set_address
 .text.dcd_connect
                0x0000000010004f2c       0x10 CMakeFiles/multi.dir/home/schtromar/Documents/faks/dip/diplomska/pico-sdk/lib/tinyusb/src/portable/raspberrypi/rp2040/dcd_rp2040.c.obj
                0x0000000010004f2c                dcd_connect
 .text.dcd_init
                0x0000000010004f3c      0x148 CMakeFiles/multi.dir/home/schtromar/Documents/faks/dip/diplomska/pico-sdk/lib/tinyusb/src/portable/raspberrypi/rp2040/dcd_rp2040.c.obj
                0x0000000010004f3c                dcd_init
 .text.dcd_edpt0_status_complete
                0x0000000010005084       0x1c CMakeFiles/multi.dir/home/schtromar/Documents/faks/dip/diplomska/pico-sdk/lib/tinyusb/src/portable/raspberrypi/rp2040/dcd_rp2040.c.obj
                0x0000000010005084                dcd_edpt0_status_complete
 .text.dcd_edpt_open
                0x00000000100050a0       0xf0 CMakeFiles/multi.dir/home/schtromar/Documents/faks/dip/diplomska/pico-sdk/lib/tinyusb/src/portable/raspberrypi/rp2040/dcd_rp2040.c.obj
                0x00000000100050a0                dcd_edpt_open
 .text.dcd_edpt_close_all
                0x0000000010005190       0xbc CMakeFiles/multi.dir/home/schtromar/Documents/faks/dip/diplomska/pico-sdk/lib/tinyusb/src/portable/raspberrypi/rp2040/dcd_rp2040.c.obj
                0x0000000010005190                dcd_edpt_close_all
 .text.dcd_edpt_xfer
                0x000000001000524c       0x24 CMakeFiles/multi.dir/home/schtromar/Documents/faks/dip/diplomska/pico-sdk/lib/tinyusb/src/portable/raspberrypi/rp2040/dcd_rp2040.c.obj
                0x000000001000524c                dcd_edpt_xfer
 .text.dcd_edpt_stall
                0x0000000010005270       0x38 CMakeFiles/multi.dir/home/schtromar/Documents/faks/dip/diplomska/pico-sdk/lib/tinyusb/src/portable/raspberrypi/rp2040/dcd_rp2040.c.obj
                0x0000000010005270                dcd_edpt_stall
 .text.dcd_edpt_clear_stall
                0x00000000100052a8       0x30 CMakeFiles/multi.dir/home/schtromar/Documents/faks/dip/diplomska/pico-sdk/lib/tinyusb/src/portable/raspberrypi/rp2040/dcd_rp2040.c.obj
                0x00000000100052a8                dcd_edpt_clear_stall
 .text._hw_endpoint_buffer_control_update32.part.0
                0x00000000100052d8       0x20 CMakeFiles/multi.dir/home/schtromar/Documents/faks/dip/diplomska/pico-sdk/lib/tinyusb/src/portable/raspberrypi/rp2040/rp2040_usb.c.obj
 .text.rp2040_usb_init
                0x00000000100052f8       0x4c CMakeFiles/multi.dir/home/schtromar/Documents/faks/dip/diplomska/pico-sdk/lib/tinyusb/src/portable/raspberrypi/rp2040/rp2040_usb.c.obj
                0x00000000100052f8                rp2040_usb_init
 .text.hw_endpoint_reset_transfer
                0x0000000010005344        0xc CMakeFiles/multi.dir/home/schtromar/Documents/faks/dip/diplomska/pico-sdk/lib/tinyusb/src/portable/raspberrypi/rp2040/rp2040_usb.c.obj
                0x0000000010005344                hw_endpoint_reset_transfer
 .text._hw_endpoint_buffer_control_update32
                0x0000000010005350       0x40 CMakeFiles/multi.dir/home/schtromar/Documents/faks/dip/diplomska/pico-sdk/lib/tinyusb/src/portable/raspberrypi/rp2040/rp2040_usb.c.obj
                0x0000000010005350                _hw_endpoint_buffer_control_update32
 .text.hw_endpoint_xfer_start
                0x0000000010005390      0x138 CMakeFiles/multi.dir/home/schtromar/Documents/faks/dip/diplomska/pico-sdk/lib/tinyusb/src/portable/raspberrypi/rp2040/rp2040_usb.c.obj
                0x0000000010005390                hw_endpoint_xfer_start
 .text.hw_endpoint_xfer_continue
                0x00000000100054c8      0x1e4 CMakeFiles/multi.dir/home/schtromar/Documents/faks/dip/diplomska/pico-sdk/lib/tinyusb/src/portable/raspberrypi/rp2040/rp2040_usb.c.obj
                0x00000000100054c8                hw_endpoint_xfer_continue
 .text.tud_mounted
                0x00000000100056ac       0x10 CMakeFiles/multi.dir/home/schtromar/Documents/faks/dip/diplomska/pico-sdk/lib/tinyusb/src/device/usbd.c.obj
                0x00000000100056ac                tud_mounted
 .text.tud_suspended
                0x00000000100056bc       0x10 CMakeFiles/multi.dir/home/schtromar/Documents/faks/dip/diplomska/pico-sdk/lib/tinyusb/src/device/usbd.c.obj
                0x00000000100056bc                tud_suspended
 .text.tud_inited
                0x00000000100056cc        0xc CMakeFiles/multi.dir/home/schtromar/Documents/faks/dip/diplomska/pico-sdk/lib/tinyusb/src/device/usbd.c.obj
                0x00000000100056cc                tud_inited
 .text.tud_init
                0x00000000100056d8       0xd8 CMakeFiles/multi.dir/home/schtromar/Documents/faks/dip/diplomska/pico-sdk/lib/tinyusb/src/device/usbd.c.obj
                0x00000000100056d8                tud_init
 .text.tud_task
                0x00000000100057b0      0x8ec CMakeFiles/multi.dir/home/schtromar/Documents/faks/dip/diplomska/pico-sdk/lib/tinyusb/src/device/usbd.c.obj
                0x00000000100057b0                tud_task
 .text.dcd_event_bus_signal
                0x000000001000609c      0x120 CMakeFiles/multi.dir/home/schtromar/Documents/faks/dip/diplomska/pico-sdk/lib/tinyusb/src/device/usbd.c.obj
                0x000000001000609c                dcd_event_bus_signal
 .text.dcd_event_bus_reset
                0x00000000100061bc       0x54 CMakeFiles/multi.dir/home/schtromar/Documents/faks/dip/diplomska/pico-sdk/lib/tinyusb/src/device/usbd.c.obj
                0x00000000100061bc                dcd_event_bus_reset
 .text.dcd_event_setup_received
                0x0000000010006210       0x50 CMakeFiles/multi.dir/home/schtromar/Documents/faks/dip/diplomska/pico-sdk/lib/tinyusb/src/device/usbd.c.obj
                0x0000000010006210                dcd_event_setup_received
 .text.dcd_event_xfer_complete
                0x0000000010006260       0x68 CMakeFiles/multi.dir/home/schtromar/Documents/faks/dip/diplomska/pico-sdk/lib/tinyusb/src/device/usbd.c.obj
                0x0000000010006260                dcd_event_xfer_complete
 .text.usbd_open_edpt_pair
                0x00000000100062c8       0x80 CMakeFiles/multi.dir/home/schtromar/Documents/faks/dip/diplomska/pico-sdk/lib/tinyusb/src/device/usbd.c.obj
                0x00000000100062c8                usbd_open_edpt_pair
 .text.usbd_edpt_open
                0x0000000010006348       0x30 CMakeFiles/multi.dir/home/schtromar/Documents/faks/dip/diplomska/pico-sdk/lib/tinyusb/src/device/usbd.c.obj
                0x0000000010006348                usbd_edpt_open
 .text.usbd_edpt_claim
                0x0000000010006378       0x64 CMakeFiles/multi.dir/home/schtromar/Documents/faks/dip/diplomska/pico-sdk/lib/tinyusb/src/device/usbd.c.obj
                0x0000000010006378                usbd_edpt_claim
 .text.usbd_edpt_release
                0x00000000100063dc       0x4c CMakeFiles/multi.dir/home/schtromar/Documents/faks/dip/diplomska/pico-sdk/lib/tinyusb/src/device/usbd.c.obj
                0x00000000100063dc                usbd_edpt_release
 .text.usbd_edpt_xfer
                0x0000000010006428       0x48 CMakeFiles/multi.dir/home/schtromar/Documents/faks/dip/diplomska/pico-sdk/lib/tinyusb/src/device/usbd.c.obj
                0x0000000010006428                usbd_edpt_xfer
 .text.tud_control_status
                0x0000000010006470       0x30 CMakeFiles/multi.dir/home/schtromar/Documents/faks/dip/diplomska/pico-sdk/lib/tinyusb/src/device/usbd_control.c.obj
                0x0000000010006470                tud_control_status
 .text.tud_control_xfer
                0x00000000100064a0       0xb8 CMakeFiles/multi.dir/home/schtromar/Documents/faks/dip/diplomska/pico-sdk/lib/tinyusb/src/device/usbd_control.c.obj
                0x00000000100064a0                tud_control_xfer
 .text.usbd_control_reset
                0x0000000010006558       0x14 CMakeFiles/multi.dir/home/schtromar/Documents/faks/dip/diplomska/pico-sdk/lib/tinyusb/src/device/usbd_control.c.obj
                0x0000000010006558                usbd_control_reset
 .text.usbd_control_set_complete_callback
                0x000000001000656c        0xc CMakeFiles/multi.dir/home/schtromar/Documents/faks/dip/diplomska/pico-sdk/lib/tinyusb/src/device/usbd_control.c.obj
                0x000000001000656c                usbd_control_set_complete_callback
 .text.usbd_control_set_request
                0x0000000010006578       0x1c CMakeFiles/multi.dir/home/schtromar/Documents/faks/dip/diplomska/pico-sdk/lib/tinyusb/src/device/usbd_control.c.obj
                0x0000000010006578                usbd_control_set_request
 .text.usbd_control_xfer_cb
                0x0000000010006594       0xf8 CMakeFiles/multi.dir/home/schtromar/Documents/faks/dip/diplomska/pico-sdk/lib/tinyusb/src/device/usbd_control.c.obj
                0x0000000010006594                usbd_control_xfer_cb
 .text.tud_cdc_n_connected
                0x000000001000668c       0x30 CMakeFiles/multi.dir/home/schtromar/Documents/faks/dip/diplomska/pico-sdk/lib/tinyusb/src/class/cdc/cdc_device.c.obj
                0x000000001000668c                tud_cdc_n_connected
 .text.tud_cdc_n_available
                0x00000000100066bc       0x18 CMakeFiles/multi.dir/home/schtromar/Documents/faks/dip/diplomska/pico-sdk/lib/tinyusb/src/class/cdc/cdc_device.c.obj
                0x00000000100066bc                tud_cdc_n_available
 .text.tud_cdc_n_read
                0x00000000100066d4       0x70 CMakeFiles/multi.dir/home/schtromar/Documents/faks/dip/diplomska/pico-sdk/lib/tinyusb/src/class/cdc/cdc_device.c.obj
                0x00000000100066d4                tud_cdc_n_read
 .text.tud_cdc_n_write_flush
                0x0000000010006744       0x78 CMakeFiles/multi.dir/home/schtromar/Documents/faks/dip/diplomska/pico-sdk/lib/tinyusb/src/class/cdc/cdc_device.c.obj
                0x0000000010006744                tud_cdc_n_write_flush
 .text.tud_cdc_n_write
                0x00000000100067bc       0x34 CMakeFiles/multi.dir/home/schtromar/Documents/faks/dip/diplomska/pico-sdk/lib/tinyusb/src/class/cdc/cdc_device.c.obj
                0x00000000100067bc                tud_cdc_n_write
 .text.tud_cdc_n_write_available
                0x00000000100067f0       0x18 CMakeFiles/multi.dir/home/schtromar/Documents/faks/dip/diplomska/pico-sdk/lib/tinyusb/src/class/cdc/cdc_device.c.obj
                0x00000000100067f0                tud_cdc_n_write_available
 .text.cdcd_init
                0x0000000010006808       0x7c CMakeFiles/multi.dir/home/schtromar/Documents/faks/dip/diplomska/pico-sdk/lib/tinyusb/src/class/cdc/cdc_device.c.obj
                0x0000000010006808                cdcd_init
 .text.cdcd_reset
                0x0000000010006884       0x2c CMakeFiles/multi.dir/home/schtromar/Documents/faks/dip/diplomska/pico-sdk/lib/tinyusb/src/class/cdc/cdc_device.c.obj
                0x0000000010006884                cdcd_reset
 .text.cdcd_open
                0x00000000100068b0       0xe4 CMakeFiles/multi.dir/home/schtromar/Documents/faks/dip/diplomska/pico-sdk/lib/tinyusb/src/class/cdc/cdc_device.c.obj
                0x00000000100068b0                cdcd_open
 .text.cdcd_control_xfer_cb
                0x0000000010006994       0xe4 CMakeFiles/multi.dir/home/schtromar/Documents/faks/dip/diplomska/pico-sdk/lib/tinyusb/src/class/cdc/cdc_device.c.obj
                0x0000000010006994                cdcd_control_xfer_cb
 .text.cdcd_xfer_cb
                0x0000000010006a78      0x198 CMakeFiles/multi.dir/home/schtromar/Documents/faks/dip/diplomska/pico-sdk/lib/tinyusb/src/class/cdc/cdc_device.c.obj
                0x0000000010006a78                cdcd_xfer_cb
 .text.tusb_init
                0x0000000010006c10        0xc CMakeFiles/multi.dir/home/schtromar/Documents/faks/dip/diplomska/pico-sdk/lib/tinyusb/src/tusb.c.obj
                0x0000000010006c10                tusb_init
 .text.tusb_inited
                0x0000000010006c1c        0x8 CMakeFiles/multi.dir/home/schtromar/Documents/faks/dip/diplomska/pico-sdk/lib/tinyusb/src/tusb.c.obj
                0x0000000010006c1c                tusb_inited
 .text.tu_edpt_validate
                0x0000000010006c24       0x78 CMakeFiles/multi.dir/home/schtromar/Documents/faks/dip/diplomska/pico-sdk/lib/tinyusb/src/tusb.c.obj
                0x0000000010006c24                tu_edpt_validate
 .text.tu_edpt_bind_driver
                0x0000000010006c9c       0x2c CMakeFiles/multi.dir/home/schtromar/Documents/faks/dip/diplomska/pico-sdk/lib/tinyusb/src/tusb.c.obj
                0x0000000010006c9c                tu_edpt_bind_driver
 .text.tu_fifo_config
                0x0000000010006cc8       0x78 CMakeFiles/multi.dir/home/schtromar/Documents/faks/dip/diplomska/pico-sdk/lib/tinyusb/src/common/tusb_fifo.c.obj
                0x0000000010006cc8                tu_fifo_config
 .text.tu_fifo_count
                0x0000000010006d40       0x20 CMakeFiles/multi.dir/home/schtromar/Documents/faks/dip/diplomska/pico-sdk/lib/tinyusb/src/common/tusb_fifo.c.obj
                0x0000000010006d40                tu_fifo_count
 .text.tu_fifo_empty
                0x0000000010006d60       0x10 CMakeFiles/multi.dir/home/schtromar/Documents/faks/dip/diplomska/pico-sdk/lib/tinyusb/src/common/tusb_fifo.c.obj
                0x0000000010006d60                tu_fifo_empty
 .text.tu_fifo_remaining
                0x0000000010006d70       0x1c CMakeFiles/multi.dir/home/schtromar/Documents/faks/dip/diplomska/pico-sdk/lib/tinyusb/src/common/tusb_fifo.c.obj
                0x0000000010006d70                tu_fifo_remaining
 .text.tu_fifo_read
                0x0000000010006d8c       0x9c CMakeFiles/multi.dir/home/schtromar/Documents/faks/dip/diplomska/pico-sdk/lib/tinyusb/src/common/tusb_fifo.c.obj
                0x0000000010006d8c                tu_fifo_read
 .text.tu_fifo_read_n
                0x0000000010006e28      0x100 CMakeFiles/multi.dir/home/schtromar/Documents/faks/dip/diplomska/pico-sdk/lib/tinyusb/src/common/tusb_fifo.c.obj
                0x0000000010006e28                tu_fifo_read_n
 .text.tu_fifo_write
                0x0000000010006f28       0x7c CMakeFiles/multi.dir/home/schtromar/Documents/faks/dip/diplomska/pico-sdk/lib/tinyusb/src/common/tusb_fifo.c.obj
                0x0000000010006f28                tu_fifo_write
 .text.tu_fifo_write_n
                0x0000000010006fa4       0xf8 CMakeFiles/multi.dir/home/schtromar/Documents/faks/dip/diplomska/pico-sdk/lib/tinyusb/src/common/tusb_fifo.c.obj
                0x0000000010006fa4                tu_fifo_write_n
 .text.tu_fifo_clear
                0x000000001000709c       0x4c CMakeFiles/multi.dir/home/schtromar/Documents/faks/dip/diplomska/pico-sdk/lib/tinyusb/src/common/tusb_fifo.c.obj
                0x000000001000709c                tu_fifo_clear
 .text.tu_fifo_set_overwritable
                0x00000000100070e8       0x3c CMakeFiles/multi.dir/home/schtromar/Documents/faks/dip/diplomska/pico-sdk/lib/tinyusb/src/common/tusb_fifo.c.obj
                0x00000000100070e8                tu_fifo_set_overwritable
 .text.startup._retrieve_unique_id_on_boot
                0x0000000010007124       0x10 CMakeFiles/multi.dir/home/schtromar/Documents/faks/dip/diplomska/pico-sdk/src/rp2_common/pico_unique_id/unique_id.c.obj
 .text.pico_get_unique_board_id_string
                0x0000000010007134      0x1bc CMakeFiles/multi.dir/home/schtromar/Documents/faks/dip/diplomska/pico-sdk/src/rp2_common/pico_unique_id/unique_id.c.obj
                0x0000000010007134                pico_get_unique_board_id_string
 .text.flash_get_unique_id
                0x00000000100072f0       0x40 CMakeFiles/multi.dir/home/schtromar/Documents/faks/dip/diplomska/pico-sdk/src/rp2_common/hardware_flash/flash.c.obj
                0x00000000100072f0                flash_get_unique_id
 .text.core1_trampoline
                0x0000000010007330        0x4 CMakeFiles/multi.dir/home/schtromar/Documents/faks/dip/diplomska/pico-sdk/src/rp2_common/pico_multicore/multicore.c.obj
 .text.core1_wrapper
                0x0000000010007334        0xc CMakeFiles/multi.dir/home/schtromar/Documents/faks/dip/diplomska/pico-sdk/src/rp2_common/pico_multicore/multicore.c.obj
                0x0000000010007334                core1_wrapper
 .text.multicore_fifo_push_blocking
                0x0000000010007340       0x14 CMakeFiles/multi.dir/home/schtromar/Documents/faks/dip/diplomska/pico-sdk/src/rp2_common/pico_multicore/multicore.c.obj
                0x0000000010007340                multicore_fifo_push_blocking
 .text.multicore_fifo_pop_blocking
                0x0000000010007354       0x1c CMakeFiles/multi.dir/home/schtromar/Documents/faks/dip/diplomska/pico-sdk/src/rp2_common/pico_multicore/multicore.c.obj
                0x0000000010007354                multicore_fifo_pop_blocking
 .text.multicore_launch_core1_raw
                0x0000000010007370       0x84 CMakeFiles/multi.dir/home/schtromar/Documents/faks/dip/diplomska/pico-sdk/src/rp2_common/pico_multicore/multicore.c.obj
                0x0000000010007370                multicore_launch_core1_raw
 .text.multicore_launch_core1
                0x00000000100073f4       0x4c CMakeFiles/multi.dir/home/schtromar/Documents/faks/dip/diplomska/pico-sdk/src/rp2_common/pico_multicore/multicore.c.obj
                0x00000000100073f4                multicore_launch_core1
 .text.pio_claim_unused_sm
                0x0000000010007440       0x3c CMakeFiles/multi.dir/home/schtromar/Documents/faks/dip/diplomska/pico-sdk/src/rp2_common/hardware_pio/pio.c.obj
                0x0000000010007440                pio_claim_unused_sm
 .text.pio_add_program
                0x000000001000747c       0xe4 CMakeFiles/multi.dir/home/schtromar/Documents/faks/dip/diplomska/pico-sdk/src/rp2_common/hardware_pio/pio.c.obj
                0x000000001000747c                pio_add_program
 .text.pio_sm_set_consecutive_pindirs
                0x0000000010007560       0x88 CMakeFiles/multi.dir/home/schtromar/Documents/faks/dip/diplomska/pico-sdk/src/rp2_common/hardware_pio/pio.c.obj
                0x0000000010007560                pio_sm_set_consecutive_pindirs
 .text.pio_sm_init
                0x00000000100075e8       0x90 CMakeFiles/multi.dir/home/schtromar/Documents/faks/dip/diplomska/pico-sdk/src/rp2_common/hardware_pio/pio.c.obj
                0x00000000100075e8                pio_sm_init
 .text.strlen   0x0000000010007678       0x5c /build/gcc-arm-none-eabi-9-2020-q2-update/bin/../lib/gcc/arm-none-eabi/9.3.1/../../../../arm-none-eabi/lib/thumb/v6-m/nofp/libc.a(lib_a-strlen-stub.o)
                0x0000000010007678                strlen
 *(.fini)
 .fini          0x00000000100076d4        0x4 /build/gcc-arm-none-eabi-9-2020-q2-update/bin/../lib/gcc/arm-none-eabi/9.3.1/thumb/v6-m/nofp/crti.o
                0x00000000100076d4                _fini
 .fini.__stub   0x00000000100076d8       0x70 linker stubs
 *crtbegin.o(.ctors)
 *crtbegin?.o(.ctors)
 *(EXCLUDE_FILE(*crtend.o *crtend?.o) .ctors)
 *(SORT_BY_NAME(.ctors.*))
 *(.ctors)
 *crtbegin.o(.dtors)
 *crtbegin?.o(.dtors)
 *(EXCLUDE_FILE(*crtend.o *crtend?.o) .dtors)
 *(SORT_BY_NAME(.dtors.*))
 *(.dtors)
 *(.eh_frame*)
 .eh_frame      0x0000000010007748        0x0 /build/gcc-arm-none-eabi-9-2020-q2-update/bin/../lib/gcc/arm-none-eabi/9.3.1/thumb/v6-m/nofp/crtbegin.o
                0x0000000010007748                . = ALIGN (0x4)

.glue_7         0x0000000010007748        0x0
 .glue_7        0x0000000010007748        0x0 linker stubs

.glue_7t        0x0000000010007748        0x0
 .glue_7t       0x0000000010007748        0x0 linker stubs

.vfp11_veneer   0x0000000010007748        0x0
 .vfp11_veneer  0x0000000010007748        0x0 linker stubs

.v4_bx          0x0000000010007748        0x0
 .v4_bx         0x0000000010007748        0x0 linker stubs

.iplt           0x0000000010007748        0x0
 .iplt          0x0000000010007748        0x0 /build/gcc-arm-none-eabi-9-2020-q2-update/bin/../lib/gcc/arm-none-eabi/9.3.1/thumb/v6-m/nofp/crtbegin.o

.rodata         0x0000000010007748      0x5dc
 *(EXCLUDE_FILE(*libm.a: *libc.a:*lib_a-mem*.o *libgcc.a:) .rodata*)
 .rodata.commThread.str1.4
                0x0000000010007748       0x1c CMakeFiles/multi.dir/multi.c.obj
 .rodata.main.str1.4
                0x0000000010007764       0x67 CMakeFiles/multi.dir/multi.c.obj
 *fill*         0x00000000100077cb        0x1 
 .rodata.risingEdge_ccd_program
                0x00000000100077cc        0x6 CMakeFiles/multi.dir/multi.c.obj
 *fill*         0x00000000100077d2        0x2 
 .rodata.risingEdge_ccd_program_instructions
                0x00000000100077d4        0x6 CMakeFiles/multi.dir/multi.c.obj
 *fill*         0x00000000100077da        0x2 
 .rodata.risingEdge_sh_program
                0x00000000100077dc        0x6 CMakeFiles/multi.dir/multi.c.obj
 *fill*         0x00000000100077e2        0x2 
 .rodata.risingEdge_sh_program_instructions
                0x00000000100077e4        0x6 CMakeFiles/multi.dir/multi.c.obj
 *fill*         0x00000000100077ea        0x2 
 .rodata.spin_lock_claim_unused.str1.4
                0x00000000100077ec       0x1b CMakeFiles/multi.dir/home/schtromar/Documents/faks/dip/diplomska/pico-sdk/src/rp2_common/hardware_sync/sync.c.obj
 *fill*         0x0000000010007807        0x1 
 .rodata.hardware_alarm_claim.str1.4
                0x0000000010007808       0x22 CMakeFiles/multi.dir/home/schtromar/Documents/faks/dip/diplomska/pico-sdk/src/rp2_common/hardware_timer/timer.c.obj
 *fill*         0x000000001000782a        0x2 
 .rodata.panic.str1.4
                0x000000001000782c       0x12 CMakeFiles/multi.dir/home/schtromar/Documents/faks/dip/diplomska/pico-sdk/src/rp2_common/pico_runtime/runtime.c.obj
 *fill*         0x000000001000783e        0x2 
 .rodata.hard_assertion_failure.str1.4
                0x0000000010007840        0xc CMakeFiles/multi.dir/home/schtromar/Documents/faks/dip/diplomska/pico-sdk/src/rp2_common/pico_runtime/runtime.c.obj
 .rodata._ftoa.str1.4
                0x000000001000784c       0x15 CMakeFiles/multi.dir/home/schtromar/Documents/faks/dip/diplomska/pico-sdk/src/rp2_common/pico_printf/printf.c.obj
 *fill*         0x0000000010007861        0x3 
 .rodata._vsnprintf
                0x0000000010007864      0x1e0 CMakeFiles/multi.dir/home/schtromar/Documents/faks/dip/diplomska/pico-sdk/src/rp2_common/pico_printf/printf.c.obj
 *fill*         0x0000000010007a44        0x4 
 .rodata.pow10.5448
                0x0000000010007a48       0x50 CMakeFiles/multi.dir/home/schtromar/Documents/faks/dip/diplomska/pico-sdk/src/rp2_common/pico_printf/printf.c.obj
 .rodata.str1.4
                0x0000000010007a98       0x3c CMakeFiles/multi.dir/home/schtromar/Documents/faks/dip/diplomska/pico-sdk/src/rp2_common/pico_standard_link/binary_info.c.obj
 .rodata.__bi_44
                0x0000000010007ad4        0xc CMakeFiles/multi.dir/home/schtromar/Documents/faks/dip/diplomska/pico-sdk/src/rp2_common/pico_standard_link/binary_info.c.obj
 .rodata.__bi_75
                0x0000000010007ae0        0xc CMakeFiles/multi.dir/home/schtromar/Documents/faks/dip/diplomska/pico-sdk/src/rp2_common/pico_standard_link/binary_info.c.obj
 .rodata.__bi_81
                0x0000000010007aec        0xc CMakeFiles/multi.dir/home/schtromar/Documents/faks/dip/diplomska/pico-sdk/src/rp2_common/pico_standard_link/binary_info.c.obj
 .rodata.crlf_str.5920
                0x0000000010007af8        0x2 CMakeFiles/multi.dir/home/schtromar/Documents/faks/dip/diplomska/pico-sdk/src/rp2_common/pico_stdio/stdio.c.obj
 *fill*         0x0000000010007afa        0x2 
 .rodata._resetd_driver
                0x0000000010007afc       0x18 CMakeFiles/multi.dir/home/schtromar/Documents/faks/dip/diplomska/pico-sdk/src/rp2_common/pico_stdio_usb/reset_interface.c.obj
 .rodata.str1.4
                0x0000000010007b14       0x13 CMakeFiles/multi.dir/home/schtromar/Documents/faks/dip/diplomska/pico-sdk/src/rp2_common/pico_stdio_usb/stdio_usb.c.obj
 *fill*         0x0000000010007b27        0x1 
 .rodata.__bi_93.7198
                0x0000000010007b28        0xc CMakeFiles/multi.dir/home/schtromar/Documents/faks/dip/diplomska/pico-sdk/src/rp2_common/pico_stdio_usb/stdio_usb.c.obj
 .rodata.str1.4
                0x0000000010007b34       0x2a CMakeFiles/multi.dir/home/schtromar/Documents/faks/dip/diplomska/pico-sdk/src/rp2_common/pico_stdio_usb/stdio_usb_descriptors.c.obj
 *fill*         0x0000000010007b5e        0x2 
 .rodata.usbd_desc_cfg
                0x0000000010007b60       0x54 CMakeFiles/multi.dir/home/schtromar/Documents/faks/dip/diplomska/pico-sdk/src/rp2_common/pico_stdio_usb/stdio_usb_descriptors.c.obj
 .rodata.usbd_desc_device
                0x0000000010007bb4       0x12 CMakeFiles/multi.dir/home/schtromar/Documents/faks/dip/diplomska/pico-sdk/src/rp2_common/pico_stdio_usb/stdio_usb_descriptors.c.obj
 *fill*         0x0000000010007bc6        0x2 
 .rodata.usbd_desc_str
                0x0000000010007bc8       0x18 CMakeFiles/multi.dir/home/schtromar/Documents/faks/dip/diplomska/pico-sdk/src/rp2_common/pico_stdio_usb/stdio_usb_descriptors.c.obj
 .rodata.dcd_rp2040_irq.str1.4
                0x0000000010007be0       0x14 CMakeFiles/multi.dir/home/schtromar/Documents/faks/dip/diplomska/pico-sdk/lib/tinyusb/src/portable/raspberrypi/rp2040/dcd_rp2040.c.obj
 .rodata._hw_endpoint_buffer_control_update32.part.0.str1.4
                0x0000000010007bf4       0x1f CMakeFiles/multi.dir/home/schtromar/Documents/faks/dip/diplomska/pico-sdk/lib/tinyusb/src/portable/raspberrypi/rp2040/rp2040_usb.c.obj
 *fill*         0x0000000010007c13        0x1 
 .rodata.hw_endpoint_xfer_continue.str1.4
                0x0000000010007c14       0x29 CMakeFiles/multi.dir/home/schtromar/Documents/faks/dip/diplomska/pico-sdk/lib/tinyusb/src/portable/raspberrypi/rp2040/rp2040_usb.c.obj
 *fill*         0x0000000010007c3d        0x3 
 .rodata.str1.4
                0x0000000010007c40        0x7 CMakeFiles/multi.dir/home/schtromar/Documents/faks/dip/diplomska/pico-sdk/lib/tinyusb/src/portable/raspberrypi/rp2040/rp2040_usb.c.obj
 *fill*         0x0000000010007c47        0x1 
 .rodata.tud_task
                0x0000000010007c48       0x8c CMakeFiles/multi.dir/home/schtromar/Documents/faks/dip/diplomska/pico-sdk/lib/tinyusb/src/device/usbd.c.obj
 .rodata._usbd_driver
                0x0000000010007cd4       0x18 CMakeFiles/multi.dir/home/schtromar/Documents/faks/dip/diplomska/pico-sdk/lib/tinyusb/src/device/usbd.c.obj
 .rodata.pio_claim_unused_sm.str1.4
                0x0000000010007cec       0x24 CMakeFiles/multi.dir/home/schtromar/Documents/faks/dip/diplomska/pico-sdk/src/rp2_common/hardware_pio/pio.c.obj
 .rodata.pio_add_program.str1.4
                0x0000000010007d10       0x11 CMakeFiles/multi.dir/home/schtromar/Documents/faks/dip/diplomska/pico-sdk/src/rp2_common/hardware_pio/pio.c.obj
                0x0000000010007d24                . = ALIGN (0x4)
 *fill*         0x0000000010007d21        0x3 
 *(SORT_BY_ALIGNMENT(SORT_BY_NAME(.flashdata*)))
                0x0000000010007d24                . = ALIGN (0x4)

.rel.dyn        0x0000000010007d24        0x0
 .rel.iplt      0x0000000010007d24        0x0 /build/gcc-arm-none-eabi-9-2020-q2-update/bin/../lib/gcc/arm-none-eabi/9.3.1/thumb/v6-m/nofp/crtbegin.o

.ARM.extab
 *(.ARM.extab* .gnu.linkonce.armextab.*)
                0x0000000010007d24                __exidx_start = .

.ARM.exidx
 *(.ARM.exidx* .gnu.linkonce.armexidx.*)
                0x0000000010007d24                __exidx_end = .
                0x0000000010007d24                . = ALIGN (0x4)
                0x0000000010007d24                __binary_info_start = .

.binary_info    0x0000000010007d24       0x20
 *(.binary_info.keep.*)
 .binary_info.keep.__bi_ptr22
                0x0000000010007d24        0x4 CMakeFiles/multi.dir/home/schtromar/Documents/faks/dip/diplomska/pico-sdk/src/rp2_common/pico_standard_link/binary_info.c.obj
 .binary_info.keep.__bi_ptr30
                0x0000000010007d28        0x4 CMakeFiles/multi.dir/home/schtromar/Documents/faks/dip/diplomska/pico-sdk/src/rp2_common/pico_standard_link/binary_info.c.obj
 .binary_info.keep.__bi_ptr38
                0x0000000010007d2c        0x4 CMakeFiles/multi.dir/home/schtromar/Documents/faks/dip/diplomska/pico-sdk/src/rp2_common/pico_standard_link/binary_info.c.obj
 .binary_info.keep.__bi_ptr44
                0x0000000010007d30        0x4 CMakeFiles/multi.dir/home/schtromar/Documents/faks/dip/diplomska/pico-sdk/src/rp2_common/pico_standard_link/binary_info.c.obj
 .binary_info.keep.__bi_ptr50
                0x0000000010007d34        0x4 CMakeFiles/multi.dir/home/schtromar/Documents/faks/dip/diplomska/pico-sdk/src/rp2_common/pico_standard_link/binary_info.c.obj
 .binary_info.keep.__bi_ptr75
                0x0000000010007d38        0x4 CMakeFiles/multi.dir/home/schtromar/Documents/faks/dip/diplomska/pico-sdk/src/rp2_common/pico_standard_link/binary_info.c.obj
 .binary_info.keep.__bi_ptr81
                0x0000000010007d3c        0x4 CMakeFiles/multi.dir/home/schtromar/Documents/faks/dip/diplomska/pico-sdk/src/rp2_common/pico_standard_link/binary_info.c.obj
 *(.binary_info.*)
 .binary_info.__bi_ptr93
                0x0000000010007d40        0x4 CMakeFiles/multi.dir/home/schtromar/Documents/faks/dip/diplomska/pico-sdk/src/rp2_common/pico_stdio_usb/stdio_usb.c.obj
                0x0000000010007d44                __binary_info_end = .
                0x0000000010007d44                . = ALIGN (0x4)
                0x0000000010007d44                __etext = .

.ram_vector_table
                0x0000000020000000       0xc0
 *(.ram_vector_table)
 .ram_vector_table
                0x0000000020000000       0xc0 CMakeFiles/multi.dir/home/schtromar/Documents/faks/dip/diplomska/pico-sdk/src/rp2_common/pico_runtime/runtime.c.obj
                0x0000000020000000                ram_vector_table

.data           0x00000000200000c0      0x3c8 load address 0x0000000010007d44
                0x00000000200000c0                __data_start__ = .
 *(vtable)
 *(.time_critical*)
 .time_critical.mutex_enter_blocking
                0x00000000200000c0       0x48 CMakeFiles/multi.dir/home/schtromar/Documents/faks/dip/diplomska/pico-sdk/src/common/pico_sync/mutex.c.obj
                0x00000000200000c0                mutex_enter_blocking
 .time_critical.mutex_try_enter
                0x0000000020000108       0x48 CMakeFiles/multi.dir/home/schtromar/Documents/faks/dip/diplomska/pico-sdk/src/common/pico_sync/mutex.c.obj
                0x0000000020000108                mutex_try_enter
 .time_critical.mutex_enter_timeout_ms
                0x0000000020000150       0x98 CMakeFiles/multi.dir/home/schtromar/Documents/faks/dip/diplomska/pico-sdk/src/common/pico_sync/mutex.c.obj
                0x0000000020000150                mutex_enter_timeout_ms
 .time_critical.mutex_exit
                0x00000000200001e8       0x28 CMakeFiles/multi.dir/home/schtromar/Documents/faks/dip/diplomska/pico-sdk/src/common/pico_sync/mutex.c.obj
                0x00000000200001e8                mutex_exit
 .time_critical.flash_init_boot2_copyout
                0x0000000020000210       0x30 CMakeFiles/multi.dir/home/schtromar/Documents/faks/dip/diplomska/pico-sdk/src/rp2_common/hardware_flash/flash.c.obj
 .time_critical.flash_enable_xip_via_boot2
                0x0000000020000240       0x10 CMakeFiles/multi.dir/home/schtromar/Documents/faks/dip/diplomska/pico-sdk/src/rp2_common/hardware_flash/flash.c.obj
 .time_critical.flash_cs_force
                0x0000000020000250       0x38 CMakeFiles/multi.dir/home/schtromar/Documents/faks/dip/diplomska/pico-sdk/src/rp2_common/hardware_flash/flash.c.obj
 .time_critical.flash_do_cmd
                0x0000000020000288       0xc4 CMakeFiles/multi.dir/home/schtromar/Documents/faks/dip/diplomska/pico-sdk/src/rp2_common/hardware_flash/flash.c.obj
                0x0000000020000288                flash_do_cmd
 *(.text*)
 .text          0x000000002000034c        0x4 /build/gcc-arm-none-eabi-9-2020-q2-update/bin/../lib/gcc/arm-none-eabi/9.3.1/thumb/v6-m/nofp/libgcc.a(_dvmd_tls.o)
                0x000000002000034c                __aeabi_ldiv0
                0x000000002000034c                __aeabi_idiv0
 .text.__stub   0x0000000020000350       0x30 linker stubs
                0x0000000020000380                . = ALIGN (0x4)
 *(.rodata*)
                0x0000000020000380                . = ALIGN (0x4)
 *(.data*)
 .data.striped_spin_lock_num
                0x0000000020000380        0x1 CMakeFiles/multi.dir/home/schtromar/Documents/faks/dip/diplomska/pico-sdk/src/rp2_common/hardware_sync/sync.c.obj
 *fill*         0x0000000020000381        0x3 
 .data.default_alarm_pool
                0x0000000020000384       0x18 CMakeFiles/multi.dir/home/schtromar/Documents/faks/dip/diplomska/pico-sdk/src/common/pico_time/time.c.obj
 .data.default_alarm_pool_heap
                0x000000002000039c       0x10 CMakeFiles/multi.dir/home/schtromar/Documents/faks/dip/diplomska/pico-sdk/src/common/pico_time/time.c.obj
 .data          0x00000000200003ac       0x48 CMakeFiles/multi.dir/home/schtromar/Documents/faks/dip/diplomska/pico-sdk/src/rp2_common/hardware_irq/irq_handler_chain.S.obj
                0x00000000200003ac                irq_handler_chain_slots
                0x00000000200003dc                irq_handler_chain_first_slot
                0x00000000200003e6                irq_handler_chain_remove_tail
 *fill*         0x00000000200003f4        0xc 
 .data.aeabi_bits_funcs
                0x0000000020000400       0x10 CMakeFiles/multi.dir/home/schtromar/Documents/faks/dip/diplomska/pico-sdk/src/rp2_common/pico_bit_ops/bit_ops_aeabi.S.obj
                0x0000000020000400                aeabi_bits_funcs
                0x0000000020000410                aeabi_bits_funcs_end
 .data.aeabi_mem_funcs
                0x0000000020000410       0x10 CMakeFiles/multi.dir/home/schtromar/Documents/faks/dip/diplomska/pico-sdk/src/rp2_common/pico_mem_ops/mem_ops_aeabi.S.obj
                0x0000000020000410                aeabi_mem_funcs
                0x0000000020000420                aeabi_mem_funcs_end
 .data.stdio_usb
                0x0000000020000420       0x14 CMakeFiles/multi.dir/home/schtromar/Documents/faks/dip/diplomska/pico-sdk/src/rp2_common/pico_stdio_usb/stdio_usb.c.obj
                0x0000000020000420                stdio_usb
 .data.ep_dir_string
                0x0000000020000434        0x8 CMakeFiles/multi.dir/home/schtromar/Documents/faks/dip/diplomska/pico-sdk/lib/tinyusb/src/portable/raspberrypi/rp2040/rp2040_usb.c.obj
                0x0000000020000434                ep_dir_string
 .data._usbd_qdef
                0x000000002000043c       0x24 CMakeFiles/multi.dir/home/schtromar/Documents/faks/dip/diplomska/pico-sdk/lib/tinyusb/src/device/usbd.c.obj
                0x000000002000043c                _usbd_qdef
                0x0000000020000460                . = ALIGN (0x4)
 *(.after_data.*)
                0x0000000020000460                . = ALIGN (0x4)
                0x0000000020000460                PROVIDE (__mutex_array_start = .)
 *(SORT_BY_NAME(.mutex_array.*))
 *(.mutex_array)
 .mutex_array   0x0000000020000460        0x8 CMakeFiles/multi.dir/home/schtromar/Documents/faks/dip/diplomska/pico-sdk/src/rp2_common/pico_malloc/pico_malloc.c.obj
 .mutex_array   0x0000000020000468        0x8 CMakeFiles/multi.dir/home/schtromar/Documents/faks/dip/diplomska/pico-sdk/src/rp2_common/pico_stdio/stdio.c.obj
                0x0000000020000470                PROVIDE (__mutex_array_end = .)
                0x0000000020000470                . = ALIGN (0x4)
                0x0000000020000470                PROVIDE (__preinit_array_start = .)
 *(SORT_BY_NAME(.preinit_array.*))
 .preinit_array.00001
                0x0000000020000470        0x4 CMakeFiles/multi.dir/home/schtromar/Documents/faks/dip/diplomska/pico-sdk/src/rp2_common/pico_mem_ops/mem_ops_aeabi.S.obj
 .preinit_array.00010
                0x0000000020000474        0x4 CMakeFiles/multi.dir/home/schtromar/Documents/faks/dip/diplomska/pico-sdk/src/rp2_common/pico_bit_ops/bit_ops_aeabi.S.obj
 .preinit_array.00020
                0x0000000020000478        0x4 CMakeFiles/multi.dir/home/schtromar/Documents/faks/dip/diplomska/pico-sdk/src/rp2_common/pico_double/double_aeabi.S.obj
 .preinit_array.00020
                0x000000002000047c        0x4 CMakeFiles/multi.dir/home/schtromar/Documents/faks/dip/diplomska/pico-sdk/src/rp2_common/pico_float/float_aeabi.S.obj
 *(.preinit_array)
                0x0000000020000480                PROVIDE (__preinit_array_end = .)
                0x0000000020000480                . = ALIGN (0x4)
                0x0000000020000480                PROVIDE (__init_array_start = .)
 *(SORT_BY_NAME(.init_array.*))
 *(.init_array)
 .init_array    0x0000000020000480        0x4 /build/gcc-arm-none-eabi-9-2020-q2-update/bin/../lib/gcc/arm-none-eabi/9.3.1/thumb/v6-m/nofp/crtbegin.o
 .init_array    0x0000000020000484        0x4 CMakeFiles/multi.dir/home/schtromar/Documents/faks/dip/diplomska/pico-sdk/src/rp2_common/pico_unique_id/unique_id.c.obj
                0x0000000020000488                PROVIDE (__init_array_end = .)
                0x0000000020000488                . = ALIGN (0x4)
                [!provide]                        PROVIDE (__fini_array_start = .)
 *(SORT_BY_NAME(.fini_array.*))
 *(.fini_array)
                [!provide]                        PROVIDE (__fini_array_end = .)
 *(.jcr)
                0x0000000020000488                . = ALIGN (0x4)
                0x0000000020000488                __data_end__ = .

.igot.plt       0x0000000020000488        0x0 load address 0x000000001000810c
 .igot.plt      0x0000000020000488        0x0 /build/gcc-arm-none-eabi-9-2020-q2-update/bin/../lib/gcc/arm-none-eabi/9.3.1/thumb/v6-m/nofp/crtbegin.o

.uninitialized_data
                0x0000000020000488        0x0 load address 0x000000001000810c
                0x0000000020000488                . = ALIGN (0x4)
 *(.uninitialized_data*)

.scratch_x      0x0000000020040000        0x0 load address 0x000000001000810c
                0x0000000020040000                __scratch_x_start__ = .
 *(.scratch_x.*)
                0x0000000020040000                . = ALIGN (0x4)
                0x0000000020040000                __scratch_x_end__ = .
                0x000000001000810c                __scratch_x_source__ = LOADADDR (.scratch_x)

.scratch_y      0x0000000020041000        0x0 load address 0x000000001000810c
                0x0000000020041000                __scratch_y_start__ = .
 *(.scratch_y.*)
                0x0000000020041000                . = ALIGN (0x4)
                0x0000000020041000                __scratch_y_end__ = .
                0x000000001000810c                __scratch_y_source__ = LOADADDR (.scratch_y)

.bss            0x0000000020000488      0xda4
                0x0000000020000488                . = ALIGN (0x4)
                0x0000000020000488                __bss_start__ = .
 *(SORT_BY_ALIGNMENT(SORT_BY_NAME(.bss*)))
 .bss.counter   0x0000000020000488        0x8 CMakeFiles/multi.dir/multi.c.obj
 .bss.default_alarm_pool_entries
                0x0000000020000490      0x100 CMakeFiles/multi.dir/home/schtromar/Documents/faks/dip/diplomska/pico-sdk/src/common/pico_time/time.c.obj
 .bss.firstPulse
                0x0000000020000590        0x8 CMakeFiles/multi.dir/multi.c.obj
 .bss.lastPulse
                0x0000000020000598        0x8 CMakeFiles/multi.dir/multi.c.obj
 .bss.last_avail_time.7177
                0x00000000200005a0        0x8 CMakeFiles/multi.dir/home/schtromar/Documents/faks/dip/diplomska/pico-sdk/src/rp2_common/pico_stdio_usb/stdio_usb.c.obj
 .bss           0x00000000200005a8       0x1c /build/gcc-arm-none-eabi-9-2020-q2-update/bin/../lib/gcc/arm-none-eabi/9.3.1/thumb/v6-m/nofp/crtbegin.o
 .bss._app_driver
                0x00000000200005c4        0x4 CMakeFiles/multi.dir/home/schtromar/Documents/faks/dip/diplomska/pico-sdk/lib/tinyusb/src/device/usbd.c.obj
 .bss._cdcd_itf
                0x00000000200005c8      0x2d8 CMakeFiles/multi.dir/home/schtromar/Documents/faks/dip/diplomska/pico-sdk/lib/tinyusb/src/class/cdc/cdc_device.c.obj
 .bss._ctrl_xfer
                0x00000000200008a0       0x14 CMakeFiles/multi.dir/home/schtromar/Documents/faks/dip/diplomska/pico-sdk/lib/tinyusb/src/device/usbd_control.c.obj
 .bss._ubsd_mutexdef
                0x00000000200008b4        0x8 CMakeFiles/multi.dir/home/schtromar/Documents/faks/dip/diplomska/pico-sdk/lib/tinyusb/src/device/usbd.c.obj
 .bss._usbd_ctrl_buf
                0x00000000200008bc       0x40 CMakeFiles/multi.dir/home/schtromar/Documents/faks/dip/diplomska/pico-sdk/lib/tinyusb/src/device/usbd_control.c.obj
 .bss._usbd_dev
                0x00000000200008fc       0x53 CMakeFiles/multi.dir/home/schtromar/Documents/faks/dip/diplomska/pico-sdk/lib/tinyusb/src/device/usbd.c.obj
 *fill*         0x000000002000094f        0x1 
 .bss._usbd_mutex
                0x0000000020000950        0x4 CMakeFiles/multi.dir/home/schtromar/Documents/faks/dip/diplomska/pico-sdk/lib/tinyusb/src/device/usbd.c.obj
 .bss._usbd_q   0x0000000020000954        0x4 CMakeFiles/multi.dir/home/schtromar/Documents/faks/dip/diplomska/pico-sdk/lib/tinyusb/src/device/usbd.c.obj
 .bss._used_instruction_space
                0x0000000020000958        0x8 CMakeFiles/multi.dir/home/schtromar/Documents/faks/dip/diplomska/pico-sdk/src/rp2_common/hardware_pio/pio.c.obj
 .bss.alarm_callbacks
                0x0000000020000960       0x10 CMakeFiles/multi.dir/home/schtromar/Documents/faks/dip/diplomska/pico-sdk/src/rp2_common/hardware_timer/timer.c.obj
 .bss.boot2_copyout
                0x0000000020000970      0x100 CMakeFiles/multi.dir/home/schtromar/Documents/faks/dip/diplomska/pico-sdk/src/rp2_common/hardware_flash/flash.c.obj
 .bss.claimed   0x0000000020000a70        0x4 CMakeFiles/multi.dir/home/schtromar/Documents/faks/dip/diplomska/pico-sdk/src/rp2_common/hardware_sync/sync.c.obj
 .bss.configured_freq
                0x0000000020000a74       0x28 CMakeFiles/multi.dir/home/schtromar/Documents/faks/dip/diplomska/pico-sdk/src/rp2_common/hardware_clocks/clocks.c.obj
 .bss.default_alarm_pool_entry_ids_high
                0x0000000020000a9c       0x10 CMakeFiles/multi.dir/home/schtromar/Documents/faks/dip/diplomska/pico-sdk/src/common/pico_time/time.c.obj
 .bss.default_alarm_pool_heap_nodes
                0x0000000020000aac       0x30 CMakeFiles/multi.dir/home/schtromar/Documents/faks/dip/diplomska/pico-sdk/src/common/pico_time/time.c.obj
 .bss.desc_str.7076
                0x0000000020000adc       0x28 CMakeFiles/multi.dir/home/schtromar/Documents/faks/dip/diplomska/pico-sdk/src/rp2_common/pico_stdio_usb/stdio_usb_descriptors.c.obj
 .bss.drivers   0x0000000020000b04        0x4 CMakeFiles/multi.dir/home/schtromar/Documents/faks/dip/diplomska/pico-sdk/src/rp2_common/pico_stdio/stdio.c.obj
 .bss.filter    0x0000000020000b08        0x4 CMakeFiles/multi.dir/home/schtromar/Documents/faks/dip/diplomska/pico-sdk/src/rp2_common/pico_stdio/stdio.c.obj
 .bss.hw_endpoints
                0x0000000020000b0c      0x400 CMakeFiles/multi.dir/home/schtromar/Documents/faks/dip/diplomska/pico-sdk/lib/tinyusb/src/portable/raspberrypi/rp2040/dcd_rp2040.c.obj
 .bss.lazy_vsnprintf
                0x0000000020000f0c        0x4 CMakeFiles/multi.dir/home/schtromar/Documents/faks/dip/diplomska/pico-sdk/src/rp2_common/pico_printf/printf.c.obj
 .bss.load_value
                0x0000000020000f10        0x4 CMakeFiles/multi.dir/home/schtromar/Documents/faks/dip/diplomska/pico-sdk/src/rp2_common/hardware_watchdog/watchdog.c.obj
 .bss.next_buffer_ptr
                0x0000000020000f14        0x4 CMakeFiles/multi.dir/home/schtromar/Documents/faks/dip/diplomska/pico-sdk/lib/tinyusb/src/portable/raspberrypi/rp2040/dcd_rp2040.c.obj
 .bss.pools     0x0000000020000f18       0x10 CMakeFiles/multi.dir/home/schtromar/Documents/faks/dip/diplomska/pico-sdk/src/common/pico_time/time.c.obj
 .bss.retrieved_id
                0x0000000020000f28        0x8 CMakeFiles/multi.dir/home/schtromar/Documents/faks/dip/diplomska/pico-sdk/src/rp2_common/pico_unique_id/unique_id.c.obj
 .bss.sf_clz_func
                0x0000000020000f30        0x4 CMakeFiles/multi.dir/home/schtromar/Documents/faks/dip/diplomska/pico-sdk/src/rp2_common/pico_double/double_init_rom.c.obj
                0x0000000020000f30                sf_clz_func
 .bss.sleep_notifier
                0x0000000020000f34        0x4 CMakeFiles/multi.dir/home/schtromar/Documents/faks/dip/diplomska/pico-sdk/src/common/pico_time/time.c.obj
 .bss.stdio_usb_mutex
                0x0000000020000f38        0x8 CMakeFiles/multi.dir/home/schtromar/Documents/faks/dip/diplomska/pico-sdk/src/rp2_common/pico_stdio_usb/stdio_usb.c.obj
 .bss.target_hi
                0x0000000020000f40       0x10 CMakeFiles/multi.dir/home/schtromar/Documents/faks/dip/diplomska/pico-sdk/src/rp2_common/hardware_timer/timer.c.obj
 .bss.usbd_serial_str
                0x0000000020000f50       0x11 CMakeFiles/multi.dir/home/schtromar/Documents/faks/dip/diplomska/pico-sdk/src/rp2_common/pico_stdio_usb/stdio_usb_descriptors.c.obj
 .bss._app_driver_count
                0x0000000020000f61        0x1 CMakeFiles/multi.dir/home/schtromar/Documents/faks/dip/diplomska/pico-sdk/lib/tinyusb/src/device/usbd.c.obj
 .bss._usbd_initialized
                0x0000000020000f62        0x1 CMakeFiles/multi.dir/home/schtromar/Documents/faks/dip/diplomska/pico-sdk/lib/tinyusb/src/device/usbd.c.obj
 .bss.boot2_copyout_valid
                0x0000000020000f63        0x1 CMakeFiles/multi.dir/home/schtromar/Documents/faks/dip/diplomska/pico-sdk/src/rp2_common/hardware_flash/flash.c.obj
 .bss.claimed   0x0000000020000f64        0x1 CMakeFiles/multi.dir/home/schtromar/Documents/faks/dip/diplomska/pico-sdk/src/rp2_common/hardware_timer/timer.c.obj
 .bss.claimed   0x0000000020000f65        0x1 CMakeFiles/multi.dir/home/schtromar/Documents/faks/dip/diplomska/pico-sdk/src/rp2_common/hardware_pio/pio.c.obj
 .bss.irq_hander_chain_free_slot_head
                0x0000000020000f66        0x1 CMakeFiles/multi.dir/home/schtromar/Documents/faks/dip/diplomska/pico-sdk/src/rp2_common/hardware_irq/irq.c.obj
 .bss.itf_num   0x0000000020000f67        0x1 CMakeFiles/multi.dir/home/schtromar/Documents/faks/dip/diplomska/pico-sdk/src/rp2_common/pico_stdio_usb/reset_interface.c.obj
 .bss.timer_callbacks_pending
                0x0000000020000f68        0x1 CMakeFiles/multi.dir/home/schtromar/Documents/faks/dip/diplomska/pico-sdk/src/rp2_common/hardware_timer/timer.c.obj
 *(COMMON)
 *fill*         0x0000000020000f69        0x3 
 COMMON         0x0000000020000f6c      0x100 CMakeFiles/multi.dir/home/schtromar/Documents/faks/dip/diplomska/pico-sdk/src/rp2_common/pico_double/double_init_rom.c.obj
                0x0000000020000f6c                sd_table
 COMMON         0x000000002000106c      0x100 CMakeFiles/multi.dir/home/schtromar/Documents/faks/dip/diplomska/pico-sdk/src/rp2_common/pico_float/float_init_rom.c.obj
                0x000000002000106c                sf_table
 COMMON         0x000000002000116c       0xc0 CMakeFiles/multi.dir/home/schtromar/Documents/faks/dip/diplomska/pico-sdk/lib/tinyusb/src/device/usbd.c.obj
                0x000000002000116c                _usbd_qdef_buf
                0x000000002000122c                . = ALIGN (0x4)
                0x000000002000122c                __bss_end__ = .

.heap           0x000000002000122c      0x800
                0x000000002000122c                __end__ = .
                0x000000002000122c                end = __end__
 *(.heap*)
 .heap          0x000000002000122c      0x800 CMakeFiles/multi.dir/home/schtromar/Documents/faks/dip/diplomska/pico-sdk/src/rp2_common/pico_standard_link/crt0.S.obj
                0x0000000020001a2c                __HeapLimit = .

.stack1_dummy   0x0000000020040000      0x800
 *(.stack1*)
 .stack1        0x0000000020040000      0x800 CMakeFiles/multi.dir/home/schtromar/Documents/faks/dip/diplomska/pico-sdk/src/rp2_common/pico_multicore/multicore.c.obj

.stack_dummy    0x0000000020041000      0x800
 *(.stack*)
 .stack         0x0000000020041000      0x800 CMakeFiles/multi.dir/home/schtromar/Documents/faks/dip/diplomska/pico-sdk/src/rp2_common/pico_standard_link/crt0.S.obj

.flash_end      0x000000001000810c        0x0
                0x000000001000810c                __flash_binary_end = .
                0x0000000020040000                __StackLimit = (ORIGIN (RAM) + LENGTH (RAM))
                0x0000000020041000                __StackOneTop = (ORIGIN (SCRATCH_X) + LENGTH (SCRATCH_X))
                0x0000000020042000                __StackTop = (ORIGIN (SCRATCH_Y) + LENGTH (SCRATCH_Y))
                0x0000000020040800                __StackOneBottom = (__StackOneTop - SIZEOF (.stack1_dummy))
                0x0000000020041800                __StackBottom = (__StackTop - SIZEOF (.stack_dummy))
                0x0000000020042000                PROVIDE (__stack = __StackTop)
                0x0000000000000001                ASSERT ((__StackLimit >= __HeapLimit), region RAM overflowed)
                0x0000000000000001                ASSERT (((__binary_info_header_end - __logical_binary_start) <= 0x100), Binary info must be in first 256 bytes of the binary)
LOAD CMakeFiles/multi.dir/multi.c.obj
LOAD CMakeFiles/multi.dir/asmFunctions.S.obj
LOAD CMakeFiles/multi.dir/home/schtromar/Documents/faks/dip/diplomska/pico-sdk/src/rp2_common/pico_stdlib/stdlib.c.obj
LOAD CMakeFiles/multi.dir/home/schtromar/Documents/faks/dip/diplomska/pico-sdk/src/rp2_common/hardware_gpio/gpio.c.obj
LOAD CMakeFiles/multi.dir/home/schtromar/Documents/faks/dip/diplomska/pico-sdk/src/rp2_common/hardware_claim/claim.c.obj
LOAD CMakeFiles/multi.dir/home/schtromar/Documents/faks/dip/diplomska/pico-sdk/src/rp2_common/pico_platform/platform.c.obj
LOAD CMakeFiles/multi.dir/home/schtromar/Documents/faks/dip/diplomska/pico-sdk/src/rp2_common/hardware_sync/sync.c.obj
LOAD CMakeFiles/multi.dir/home/schtromar/Documents/faks/dip/diplomska/pico-sdk/src/rp2_common/hardware_uart/uart.c.obj
LOAD CMakeFiles/multi.dir/home/schtromar/Documents/faks/dip/diplomska/pico-sdk/src/rp2_common/hardware_divider/divider.S.obj
LOAD CMakeFiles/multi.dir/home/schtromar/Documents/faks/dip/diplomska/pico-sdk/src/common/pico_time/time.c.obj
LOAD CMakeFiles/multi.dir/home/schtromar/Documents/faks/dip/diplomska/pico-sdk/src/common/pico_time/timeout_helper.c.obj
LOAD CMakeFiles/multi.dir/home/schtromar/Documents/faks/dip/diplomska/pico-sdk/src/rp2_common/hardware_timer/timer.c.obj
LOAD CMakeFiles/multi.dir/home/schtromar/Documents/faks/dip/diplomska/pico-sdk/src/common/pico_sync/sem.c.obj
LOAD CMakeFiles/multi.dir/home/schtromar/Documents/faks/dip/diplomska/pico-sdk/src/common/pico_sync/lock_core.c.obj
LOAD CMakeFiles/multi.dir/home/schtromar/Documents/faks/dip/diplomska/pico-sdk/src/common/pico_sync/mutex.c.obj
LOAD CMakeFiles/multi.dir/home/schtromar/Documents/faks/dip/diplomska/pico-sdk/src/common/pico_sync/critical_section.c.obj
LOAD CMakeFiles/multi.dir/home/schtromar/Documents/faks/dip/diplomska/pico-sdk/src/common/pico_util/datetime.c.obj
LOAD CMakeFiles/multi.dir/home/schtromar/Documents/faks/dip/diplomska/pico-sdk/src/common/pico_util/pheap.c.obj
LOAD CMakeFiles/multi.dir/home/schtromar/Documents/faks/dip/diplomska/pico-sdk/src/common/pico_util/queue.c.obj
LOAD CMakeFiles/multi.dir/home/schtromar/Documents/faks/dip/diplomska/pico-sdk/src/rp2_common/pico_runtime/runtime.c.obj
LOAD CMakeFiles/multi.dir/home/schtromar/Documents/faks/dip/diplomska/pico-sdk/src/rp2_common/hardware_clocks/clocks.c.obj
LOAD CMakeFiles/multi.dir/home/schtromar/Documents/faks/dip/diplomska/pico-sdk/src/rp2_common/hardware_irq/irq.c.obj
LOAD CMakeFiles/multi.dir/home/schtromar/Documents/faks/dip/diplomska/pico-sdk/src/rp2_common/hardware_irq/irq_handler_chain.S.obj
LOAD CMakeFiles/multi.dir/home/schtromar/Documents/faks/dip/diplomska/pico-sdk/src/rp2_common/hardware_pll/pll.c.obj
LOAD CMakeFiles/multi.dir/home/schtromar/Documents/faks/dip/diplomska/pico-sdk/src/rp2_common/hardware_vreg/vreg.c.obj
LOAD CMakeFiles/multi.dir/home/schtromar/Documents/faks/dip/diplomska/pico-sdk/src/rp2_common/hardware_watchdog/watchdog.c.obj
LOAD CMakeFiles/multi.dir/home/schtromar/Documents/faks/dip/diplomska/pico-sdk/src/rp2_common/hardware_xosc/xosc.c.obj
LOAD CMakeFiles/multi.dir/home/schtromar/Documents/faks/dip/diplomska/pico-sdk/src/rp2_common/pico_printf/printf.c.obj
LOAD CMakeFiles/multi.dir/home/schtromar/Documents/faks/dip/diplomska/pico-sdk/src/rp2_common/pico_bit_ops/bit_ops_aeabi.S.obj
LOAD CMakeFiles/multi.dir/home/schtromar/Documents/faks/dip/diplomska/pico-sdk/src/rp2_common/pico_bootrom/bootrom.c.obj
LOAD CMakeFiles/multi.dir/home/schtromar/Documents/faks/dip/diplomska/pico-sdk/src/rp2_common/pico_divider/divider.S.obj
LOAD CMakeFiles/multi.dir/home/schtromar/Documents/faks/dip/diplomska/pico-sdk/src/rp2_common/pico_double/double_aeabi.S.obj
LOAD CMakeFiles/multi.dir/home/schtromar/Documents/faks/dip/diplomska/pico-sdk/src/rp2_common/pico_double/double_init_rom.c.obj
LOAD CMakeFiles/multi.dir/home/schtromar/Documents/faks/dip/diplomska/pico-sdk/src/rp2_common/pico_double/double_math.c.obj
LOAD CMakeFiles/multi.dir/home/schtromar/Documents/faks/dip/diplomska/pico-sdk/src/rp2_common/pico_double/double_v1_rom_shim.S.obj
LOAD CMakeFiles/multi.dir/home/schtromar/Documents/faks/dip/diplomska/pico-sdk/src/rp2_common/pico_int64_ops/pico_int64_ops_aeabi.S.obj
LOAD CMakeFiles/multi.dir/home/schtromar/Documents/faks/dip/diplomska/pico-sdk/src/rp2_common/pico_float/float_aeabi.S.obj
LOAD CMakeFiles/multi.dir/home/schtromar/Documents/faks/dip/diplomska/pico-sdk/src/rp2_common/pico_float/float_init_rom.c.obj
LOAD CMakeFiles/multi.dir/home/schtromar/Documents/faks/dip/diplomska/pico-sdk/src/rp2_common/pico_float/float_math.c.obj
LOAD CMakeFiles/multi.dir/home/schtromar/Documents/faks/dip/diplomska/pico-sdk/src/rp2_common/pico_float/float_v1_rom_shim.S.obj
LOAD CMakeFiles/multi.dir/home/schtromar/Documents/faks/dip/diplomska/pico-sdk/src/rp2_common/pico_malloc/pico_malloc.c.obj
LOAD CMakeFiles/multi.dir/home/schtromar/Documents/faks/dip/diplomska/pico-sdk/src/rp2_common/pico_mem_ops/mem_ops_aeabi.S.obj
LOAD CMakeFiles/multi.dir/home/schtromar/Documents/faks/dip/diplomska/pico-sdk/src/rp2_common/pico_standard_link/crt0.S.obj
LOAD CMakeFiles/multi.dir/home/schtromar/Documents/faks/dip/diplomska/pico-sdk/src/rp2_common/pico_standard_link/new_delete.cpp.obj
LOAD CMakeFiles/multi.dir/home/schtromar/Documents/faks/dip/diplomska/pico-sdk/src/rp2_common/pico_standard_link/binary_info.c.obj
LOAD CMakeFiles/multi.dir/home/schtromar/Documents/faks/dip/diplomska/pico-sdk/src/rp2_common/pico_stdio/stdio.c.obj
LOAD CMakeFiles/multi.dir/home/schtromar/Documents/faks/dip/diplomska/pico-sdk/src/rp2_common/pico_stdio_usb/reset_interface.c.obj
LOAD CMakeFiles/multi.dir/home/schtromar/Documents/faks/dip/diplomska/pico-sdk/src/rp2_common/pico_stdio_usb/stdio_usb.c.obj
LOAD CMakeFiles/multi.dir/home/schtromar/Documents/faks/dip/diplomska/pico-sdk/src/rp2_common/pico_stdio_usb/stdio_usb_descriptors.c.obj
LOAD CMakeFiles/multi.dir/home/schtromar/Documents/faks/dip/diplomska/pico-sdk/lib/tinyusb/src/portable/raspberrypi/rp2040/dcd_rp2040.c.obj
LOAD CMakeFiles/multi.dir/home/schtromar/Documents/faks/dip/diplomska/pico-sdk/lib/tinyusb/src/portable/raspberrypi/rp2040/rp2040_usb.c.obj
LOAD CMakeFiles/multi.dir/home/schtromar/Documents/faks/dip/diplomska/pico-sdk/lib/tinyusb/src/device/usbd.c.obj
LOAD CMakeFiles/multi.dir/home/schtromar/Documents/faks/dip/diplomska/pico-sdk/lib/tinyusb/src/device/usbd_control.c.obj
LOAD CMakeFiles/multi.dir/home/schtromar/Documents/faks/dip/diplomska/pico-sdk/lib/tinyusb/src/class/audio/audio_device.c.obj
LOAD CMakeFiles/multi.dir/home/schtromar/Documents/faks/dip/diplomska/pico-sdk/lib/tinyusb/src/class/cdc/cdc_device.c.obj
LOAD CMakeFiles/multi.dir/home/schtromar/Documents/faks/dip/diplomska/pico-sdk/lib/tinyusb/src/class/dfu/dfu_device.c.obj
LOAD CMakeFiles/multi.dir/home/schtromar/Documents/faks/dip/diplomska/pico-sdk/lib/tinyusb/src/class/dfu/dfu_rt_device.c.obj
LOAD CMakeFiles/multi.dir/home/schtromar/Documents/faks/dip/diplomska/pico-sdk/lib/tinyusb/src/class/hid/hid_device.c.obj